Last login: Mon May 11 22:05:21 on console
boby@bob:~$ lynx
-bash: lynx: command not found
boby@bob:~$ brew install lynx
==> Installing lynx dependency: openssl
==> Downloading https://homebrew.bintray.com/bottles/openssl-1.0.2.yosemite.bottle.tar.gz
######################################################################## 100,0%
==> Pouring openssl-1.0.2.yosemite.bottle.tar.gz
==> Caveats
A CA file has been bootstrapped using certificates from the system
keychain. To add additional certificates, place .pem files in
  /usr/local/etc/openssl/certs

and run
  /usr/local/opt/openssl/bin/c_rehash

This formula is keg-only, which means it was not symlinked into /usr/local.

Mac OS X already provides this software and installing another version in
parallel can cause all kinds of trouble.

Apple has deprecated use of OpenSSL in favor of its own TLS and crypto libraries

Generally there are no consequences of this for you. If you build your
own software and it requires this formula, you'll need to add to your
build variables:

    LDFLAGS:  -L/usr/local/opt/openssl/lib
    CPPFLAGS: -I/usr/local/opt/openssl/include

==> Summary
🍺  /usr/local/Cellar/openssl/1.0.2: 459 files,  18M
==> Installing lynx
==> Downloading http://lynx.isc.org/current/lynx2.8.8rel.2.tar.bz2
######################################################################## 100,0%
==> ./configure --prefix=/usr/local/Cellar/lynx/2.8.8rel.2_1 --mandir=/usr/local/Cellar/lynx/2.8.8rel
==> make install
🍺  /usr/local/Cellar/lynx/2.8.8rel.2_1: 10 files, 2,2M, built in 36 seconds
boby@bob:~$ lynx







boby@bob:~$ lynx www.stelau.com
boby@bob:~$ lynx www.google.com
boby@bob:~$ 
boby@bob:~$ mitm
mitmdump   mitmproxy  
boby@bob:~$ mitmproxy 
boby@bob:~$ mitm
mitmdump   mitmproxy  
boby@bob:~$ mitmdump 








































q^Cboby@bob:~$ mitmproxy 
boby@bob:~$ mitmdump 
127.0.0.1:64908: clientconnect
127.0.0.1:64909: clientconnect
127.0.0.1:64910: clientconnect
127.0.0.1 GET http://www.google.fr/url?sa=t&rct=j&q=&esrc=s&source=web&cd=1&ved=0CCIQFjAA&url=http%3A%2F%2Fwww.gnu.org%2Fsoftware%2Fddd%2F&ei=AldTVeGdHIaAUaP9gPgB&usg=AFQjCNFhzuRK60qJLK4CLouQuwCGYddXHA&bvm=bv.93112503,d.d24
 << 200 OK 259B
127.0.0.1:64914: clientconnect
127.0.0.1 GET http://www.google.fr/favicon.ico
 << 304 Not Modified 0B
127.0.0.1:64910: SSL handshake error: The client may not trust the proxy's certificate.
127.0.0.1:64910: clientdisconnect
127.0.0.1:64909: SSL handshake error: The client may not trust the proxy's certificate.
127.0.0.1:64909: clientdisconnect
127.0.0.1 GET http://www.gnu.org/software/ddd/
 << 200 OK 5.89kB
127.0.0.1 GET http://www.gnu.org/software/ddd/style.css
 << 200 OK 245B
127.0.0.1:64919: clientconnect
127.0.0.1:64920: clientconnect
127.0.0.1:64921: clientconnect
127.0.0.1:64922: clientconnect
127.0.0.1:64923: clientconnect
127.0.0.1:64924: clientconnect
127.0.0.1 GET http://www.gnu.org/software/ddd/small-all.jpg
 << 200 OK 4.84kB
127.0.0.1 GET http://www.w3.org/Icons/valid-html401-blue
 << 200 OK 1.63kB
127.0.0.1 GET http://www.gnu.org/software/ddd/small-signal.jpg
 << 200 OK 4.36kB
127.0.0.1 GET http://www.gnu.org/software/ddd/small-registers.jpg
 << 200 OK 4.58kB
127.0.0.1 GET http://www.gnu.org/software/ddd/small-plots.jpg
 << 200 OK 4.9kB
127.0.0.1 GET http://www.gnu.org/software/ddd/small-settings.jpg
 << 200 OK 4.3kB
127.0.0.1 GET http://www.gnu.org/graphics/dddlogo.jpg
 << 200 OK 41.96kB
127.0.0.1 GET http://www.gnu.org/favicon.ico
 << 200 OK 588B
127.0.0.1:64924: clientdisconnect
127.0.0.1:64931: clientconnect
127.0.0.1:64932: clientconnect
127.0.0.1:64935: clientconnect
127.0.0.1:64936: clientconnect
127.0.0.1:64941: clientconnect
127.0.0.1:64932: TLSv1 Alert Unknown CA: The client does not trust the proxy's certificate.
127.0.0.1:64932: clientdisconnect
127.0.0.1:64935: TLSv1 Alert Unknown CA: The client does not trust the proxy's certificate.
127.0.0.1:64935: clientdisconnect
127.0.0.1:64931: TLSv1 Alert Unknown CA: The client does not trust the proxy's certificate.
127.0.0.1:64931: clientdisconnect
127.0.0.1:64936: TLSv1 Alert Unknown CA: The client does not trust the proxy's certificate.
127.0.0.1:64936: clientdisconnect
127.0.0.1:64941: TLSv1 Alert Unknown CA: The client does not trust the proxy's certificate.
127.0.0.1:64941: clientdisconnect
127.0.0.1:64947: clientconnect
127.0.0.1:64947: TLSv1 Alert Unknown CA: The client does not trust the proxy's certificate.
127.0.0.1:64947: clientdisconnect
127.0.0.1:64950: clientconnect
127.0.0.1:64953: clientconnect
127.0.0.1:64950: TLSv1 Alert Unknown CA: The client does not trust the proxy's certificate.
127.0.0.1:64950: clientdisconnect
127.0.0.1:64956: clientconnect
127.0.0.1:64953: TLSv1 Alert Unknown CA: The client does not trust the proxy's certificate.
127.0.0.1:64953: clientdisconnect
127.0.0.1:64959: clientconnect
127.0.0.1:64956: TLSv1 Alert Unknown CA: The client does not trust the proxy's certificate.
127.0.0.1:64956: clientdisconnect
127.0.0.1:64963: clientconnect
127.0.0.1:64959: TLSv1 Alert Unknown CA: The client does not trust the proxy's certificate.
127.0.0.1:64959: clientdisconnect
127.0.0.1:64963: TLSv1 Alert Unknown CA: The client does not trust the proxy's certificate.
127.0.0.1:64963: clientdisconnect
127.0.0.1:64967: clientconnect
127.0.0.1:64967: TLSv1 Alert Unknown CA: The client does not trust the proxy's certificate.
127.0.0.1:64967: clientdisconnect
127.0.0.1:64970: clientconnect
127.0.0.1:64970: TLSv1 Alert Unknown CA: The client does not trust the proxy's certificate.
127.0.0.1:64970: clientdisconnect
127.0.0.1:64974: clientconnect
127.0.0.1 GET https://www.google.com/search?q=google&ie=utf-8&oe=utf-8
 << 302 Found 302B
127.0.0.1:64977: clientconnect
127.0.0.1:64977: TLSv1 Alert Unknown CA: The client does not trust the proxy's certificate.
127.0.0.1:64977: clientdisconnect
127.0.0.1:64980: clientconnect
127.0.0.1 GET https://www.google.fr/search?q=google&ie=utf-8&oe=utf-8&gws_rd=cr&ei=LVdTVZCyI8K0UfOLgPgJ
 << 200 OK 71.61kB
127.0.0.1:64983: clientconnect
127.0.0.1:64984: clientconnect
127.0.0.1:64985: clientconnect
127.0.0.1:64988: clientconnect
127.0.0.1 GET https://www.google.fr/logos/doodles/2015/inge-lehmanns-127th-birthday-5712482031108096-res.png
 << 304 Not Modified 0B
127.0.0.1:64991: clientconnect
127.0.0.1:64983: TLSv1 Alert Unknown CA: The client does not trust the proxy's certificate.
127.0.0.1:64983: clientdisconnect
127.0.0.1 GET https://www.google.fr/xjs/_/js/k=xjs.s.fr.1c6AuBOS_wA.O/m=sx,c,sb,cdos,cr,elog,epb,jsa,r,hsm,j,p,d,csi/am=pEoI8bcYIINJQRUhlAE/rt=j/d=1/t=zcms/rs=ACT90oFpo1wDifWWzYpR5Z1rKDC91t3NqQ
 << 304 Not Modified 0B
127.0.0.1 GET https://www.google.fr/images/nav_logo195_hr.png
 << 200 OK 29.38kB
127.0.0.1 GET https://www.google.fr/images/nav_logo195.png
 << 200 OK 15.83kB
127.0.0.1 GET https://www.google.com/textinputassistant/tia.png
 << 200 OK 387B
127.0.0.1:64991: TLSv1 Alert Unknown CA: The client does not trust the proxy's certificate.
127.0.0.1:64991: clientdisconnect
127.0.0.1:64998: clientconnect
127.0.0.1 GET https://www.google.fr/gen_204?atyp=i&ct=&cad=&vet=10CBoQ-Cc..s&ei=NVdTVd_UFYX3Uv_kgPAI&zx=1431525174560
 << 204 No Content 0B
127.0.0.1 GET https://www.google.fr/xjs/_/js/k=xjs.s.fr.1c6AuBOS_wA.O/m=sy23,abd,aspn,sy73,sy72,sy71,sy74,async,sy176,sy361,sy362,sy9,sy35,sy363,sy376,sy7,sy377,dvl,erh,sy75,foot,fpe,sy164,hv,idck,ipv6,lc,sy130,sy137,lu,sy383,m,sf,vm,sy49,sy50,sy129,em15,vs,sy41,sy42,sy44,sy46,sy43,sy47,sy45,sy76,sy79,sy77,tnv,me,sy321,sy323,sy165,sy325,sy32,sy166,sy327,sy335,kptm,sy80,sy81,sy314,sy328,iud/am=pEoI8bcYIINJQRUhlAE/rt=j/d=0/t=zcms/rs=ACT90oFpo1wDifWWzYpR5Z1rKDC91t3NqQ
 << 200 OK 50.54kB
127.0.0.1:64998: TLSv1 Alert Unknown CA: The client does not trust the proxy's certificate.
127.0.0.1:64998: clientdisconnect
127.0.0.1 GET https://www.google.fr/gen_204?v=3&s=web&imc=3&imn=3&imp=2&ei=NVdTVd_UFYX3Uv_kgPAI&e=3700333,3700366,4023709,4024036,4026111,4028875,4029403,4029815,4030091,4032500,4032631,4032643,4032645,4032678,4033143,4033191,4033256,4033344,4033374,4034323,4035980,4035998,4036006,4036009,4036534,8300096,8500394,8500572,8501248,8501280,8501295,8501351,8501406,8501489,10200083,10201090&atyp=csi&adh=&xjs=init.36.26.sb.17.p.7.fpe.5.dvl.2.m.2&action=&rt=xjsls.33,prt.35,iml.70,xjses.763,xjsee.822,xjs.839,iuml_rcs.947,iuml_nre.948,ol.1161,wsrt.7842,cst.0,dnst.0,rqst.508,rspt.1159,rqstt.7310,unt.6603,cstt.6603,dit.26
 << 204 No Content 0B
127.0.0.1 GET https://www.google.fr/url?sa=t&rct=j&q=&esrc=s&source=web&cd=1&ved=0CCIQFjAA&url=https%3A%2F%2Fwww.google.fr%2F&ei=NVdTVd_UFYX3Uv_kgPAI&usg=AFQjCNGdHlVoNRlBX2ykwfj-cD_jxplLog&bvm=bv.93112503,d.d24
 << 200 OK 249B
127.0.0.1 GET https://www.google.fr/
 << 200 OK 43.08kB
127.0.0.1:65001: clientconnect
127.0.0.1 GET https://www.google.fr/gen_204?atyp=i&ct=&cad=&vet=10CAgQ-Cc..s&ei=O1dTVYDqC6i07gamy4HACQ&zx=1431525179428
 << 204 No Content 0B
127.0.0.1:65003: clientconnect
127.0.0.1 GET https://www.google.fr/extern_chrome/1276ed27f700a80a.js?bav=on.2,or.
 << 200 OK 10.23kB
127.0.0.1 GET https://www.google.fr/logos/doodles/2015/inge-lehmanns-127th-birthday-5712482031108096-hp.gif
 << 200 OK 280.38kB
127.0.0.1 GET https://www.google.fr/xjs/_/js/k=xjs.s.fr.1c6AuBOS_wA.O/m=sy23,abd,sy73,sy72,sy71,sy74,async,erh,sy75,foot,fpe,sy164,hv,idck,ipv6,lc,sy130,sy137,lu,sy383,m,sf,vm/am=pEoI8bcYIINJQRUhlAE/rt=j/d=0/t=zcms/rs=ACT90oFpo1wDifWWzYpR5Z1rKDC91t3NqQ
 << 200 OK 28.66kB
127.0.0.1:65003: TLSv1 Alert Unknown CA: The client does not trust the proxy's certificate.
127.0.0.1:65003: clientdisconnect
127.0.0.1:65006: clientconnect
127.0.0.1:65001: TLSv1 Alert Unknown CA: The client does not trust the proxy's certificate.
127.0.0.1:65001: clientdisconnect
127.0.0.1:65006: TLSv1 Alert Unknown CA: The client does not trust the proxy's certificate.
127.0.0.1:65006: clientdisconnect
127.0.0.1 GET https://www.google.fr/gen_204?v=3&s=webhp&imc=3&imn=3&imp=2&ei=O1dTVYDqC6i07gamy4HACQ&e=3700333,3700366,4023709,4024036,4026111,4028875,4029403,4029815,4030091,4032500,4032631,4032643,4032645,4032678,4033143,4033191,4033256,4033344,4033374,4034323,4035979,4035998,4036006,4036009,4036534,8300096,8500394,8500572,8501248,8501280,8501295,8501351,8501406,8501489,10200083,10201090&atyp=csi&adh=&xjs=init.22.23.sb.13.p.3.m.3.epb.1.jsa.1&action=&rt=xjsls.18,prt.19,iml.297,xjses.62,xjsee.103,xjs.109,ol.834,wsrt.168,cst.0,dnst.0,rqst.143,rspt.1,rqstt.2,unt.2,cstt.2,dit.197
 << 204 No Content 0B
127.0.0.1 GET https://www.google.fr/s?sclient=psy-ab&site=&source=hp&q=s&oq=&gs_l=&pbx=1&bav=on.2,or.&bvm=bv.93112503,d.ZGU&fp=1276ed27f700a80a&biw=720&bih=798&dpr=2&pf=p&sugexp=msedr&gs_rn=64&gs_ri=psy-ab&cp=1&gs_id=d9&xhr=t&es_nrs=true&tch=1&ech=1&psi=O1dTVYDqC6i07gamy4HACQ.1431525179408.1
 << 200 OK 433B
127.0.0.1 GET https://www.google.fr/gen_204?atyp=i&ct=1&cad=1&rsm=6&ei=O1dTVYDqC6i07gamy4HACQ&zx=1431525184285
 << 204 No Content 0B
127.0.0.1 GET https://www.google.fr/s?sclient=psy-ab&site=&source=hp&q=st&oq=&gs_l=&pbx=1&bav=on.2,or.&bvm=bv.93112503,d.ZGU&fp=1276ed27f700a80a&biw=720&bih=798&dpr=2&pf=p&sugexp=msedr&gs_rn=64&gs_ri=psy-ab&cp=2&gs_id=ex&xhr=t&es_nrs=true&tch=1&ech=2&psi=O1dTVYDqC6i07gamy4HACQ.1431525179408.1
 << 200 OK 443B
127.0.0.1 GET https://www.google.fr/s?sclient=psy-ab&site=&source=hp&q=ste&oq=&gs_l=&pbx=1&bav=on.2,or.&bvm=bv.93112503,d.ZGU&fp=1276ed27f700a80a&biw=720&bih=798&dpr=2&pf=p&sugexp=msedr&gs_rn=64&gs_ri=psy-ab&cp=3&gs_id=fm&xhr=t&es_nrs=true&tch=1&ech=3&psi=O1dTVYDqC6i07gamy4HACQ.1431525179408.1
 << 200 OK 446B
127.0.0.1 GET https://www.google.fr/s?sclient=psy-ab&site=&source=hp&q=stel&oq=&gs_l=&pbx=1&bav=on.2,or.&bvm=bv.93112503,d.ZGU&fp=1276ed27f700a80a&biw=720&bih=798&dpr=2&pf=p&sugexp=msedr&gs_rn=64&gs_ri=psy-ab&cp=4&gs_id=j1&xhr=t&es_nrs=true&tch=1&ech=4&psi=O1dTVYDqC6i07gamy4HACQ.1431525179408.1
 << 200 OK 437B
127.0.0.1 GET https://www.google.fr/s?sclient=psy-ab&site=&source=hp&q=stela&oq=&gs_l=&pbx=1&bav=on.2,or.&bvm=bv.93112503,d.ZGU&fp=1276ed27f700a80a&biw=720&bih=798&dpr=2&pf=p&sugexp=msedr&gs_rn=64&gs_ri=psy-ab&cp=5&gs_id=jp&xhr=t&es_nrs=true&tch=1&ech=5&psi=O1dTVYDqC6i07gamy4HACQ.1431525179408.1
 << 200 OK 465B
127.0.0.1 GET https://www.google.fr/s?sclient=psy-ab&site=&source=hp&q=stelau&oq=&gs_l=&pbx=1&bav=on.2,or.&bvm=bv.93112503,d.ZGU&fp=1276ed27f700a80a&biw=720&bih=798&dpr=2&pf=p&sugexp=msedr&gs_rn=64&gs_ri=psy-ab&cp=6&gs_id=km&xhr=t&es_nrs=true&tch=1&ech=6&psi=O1dTVYDqC6i07gamy4HACQ.1431525179408.1
 << 200 OK 497B
127.0.0.1 GET https://www.google.fr/s?sclient=psy-ab&site=&source=hp&q=stelau%20&oq=&gs_l=&pbx=1&bav=on.2,or.&bvm=bv.93112503,d.ZGU&fp=1276ed27f700a80a&biw=720&bih=798&dpr=2&pf=p&sugexp=msedr&gs_rn=64&gs_ri=psy-ab&cp=7&gs_id=t8&xhr=t&es_nrs=true&tch=1&ech=7&psi=O1dTVYDqC6i07gamy4HACQ.1431525179408.1
 << 200 OK 12.25kB
127.0.0.1 GET https://www.google.fr/images/nav_logo195_hr.png
 << 200 OK 29.38kB
127.0.0.1 GET https://www.google.fr/xjs/_/js/k=xjs.s.fr.1c6AuBOS_wA.O/m=aspn,sy176,sy361,sy362,sy9,sy35,sy363,sy376,sy7,sy377,dvl,sy49,sy50,sy129,em15,vs,sy41,sy42,sy44,sy46,sy43,sy47,sy45,sy76,sy79,sy77,tnv,me/am=pEoI8bcYIINJQRUhlAE/rt=j/d=0/t=zcms/rs=ACT90oFpo1wDifWWzYpR5Z1rKDC91t3NqQ
 << 200 OK 18.26kB
127.0.0.1 GET https://www.google.fr/gen_204?atyp=i&ct=&cad=&vet=10CBkQ-Cc..s&ei=RVdTVYWzM8OAU7KOgMgG&zx=1431525190359
 << 204 No Content 0B
127.0.0.1 GET https://www.google.fr/gen_204?v=3&s=web&e=3700333,3700366,4023709,4024036,4026111,4028875,4029403,4029815,4030091,4032500,4032631,4032643,4032645,4032678,4033143,4033191,4033256,4033344,4033374,4034323,4035979,4035998,4036006,4036009,4036534,8300096,8500394,8500572,8501248,8501280,8501295,8501351,8501406,8501489,10200083,10201090&ei=RVdTVYWzM8OAU7KOgMgG&cr=c&imp=0&pf=1&pfa=n.7,ttfc.93,ttlc.0,cbt.41&pfm=n.7,ttfc.523,ttlc.0,cbt.41&pmd=max.14,avg.2,0,1,1,2,1,1,6,14,1,2,1,0,2,0,1,1,2,0,0,1&imn=1&atyp=csi&adh=&xjs=dispose.1.12.foot.1.m.0.lu.0.ipv6.0.hv.0&action=&rt=prt.54,pprt.54,ol.54,jsrt.535,iml.55,kpr.6098,bpl.11130
 << 204 No Content 0B
127.0.0.1 GET https://www.google.fr/gen_204?atyp=i&ct=1&cad=1&sqi=1&q=stelau%20conseil&oq=stelau%20&gs_l=hp.10..0j0i5i10i30l2.4774.10329.0.13901.7.7.0.0.0.0.533.1134.4j2j5-1.7.0.msedr...0...1c.1.64.psy-ab..0.7.1114.xFmkbEshuho&ei=RVdTVYWzM8OAU7KOgMgG&zx=1431525193325
 << 204 No Content 0B
127.0.0.1 GET https://www.google.fr/gen_204?atyp=i&ct=1&cad=1&sqi=3&q=stelau%20conseil&oq=stelau%20&gs_l=hp.10.0.0j0i5i10i30l2.0.0.1.5378.0.0.0.0.0.0.0.0..0.0.msedr...0...1c..64.psy-ab..0.7.1114.4AfU_KViL3I&ei=RVdTVYWzM8OAU7KOgMgG&zx=1431525198704
 << 204 No Content 0B
^Cboby@bob:~$ ls
1_Fichiers outlook/             de.txt
660-audi-num - copie.txt        dico-translate.txt
660-audi-num.txt                example.js
Alfresco/                       givemecolors/
Applications/                   index-texte.docx
Applications (Parallels)/       index-texte.txt
Calibre Library/                index.html
Creative Cloud Files/           index.html.1
Creative Cloud Files (unknown)/ index660/
Desktop/                        list-mp3 - copie.txt
DiskSpeedTest.png               list-mp3.txt
Documents/                      mailhover.pcap
Downloads/                      maze.c
Dropbox/                        mongo/
Google Drive/                   nau.vncloc
Library/                        node_modules/
Movies/                         package.json
Music/                          pad.txt
OneDrive/                       partage avec vm/
Pictures/                       perso.python/
Public/                         python-prog.py
STELAU/                         score.txt
Sites/                          strings.pdf
VirtualBox VMs/                 strings.twitter.txt
WebstormProjects/               temp/
airport-firebase.js             temp3.txt
app/                            temp3MOD.txt
apprendrevim.txt                test-node.js
aws/                            test-paw-python.py
bob.pcap                        test.js
bob.py                          url-crul-modern.ie.txt
bower.json                      v2
brewdoctor.txt                  v2.1
coding/
boby@bob:~$ mitmdump --help
usage: mitmdump [options] [filter]

positional arguments:
  args

optional arguments:
  -h, --help            show this help message and exit
  --version             show program's version number and exit
  --anticache           Strip out request headers that might cause the server
                        to return 304-not-modified.
  --confdir CONFDIR     Configuration directory, contains default CA file.
                        (~/.mitmproxy)
  --host                Use the Host header to construct URLs for display.
  -q                    Quiet.
  -r RFILE              Read flows from file.
  -s "script.py --bar"  Run a script. Surround with quotes to pass script
                        arguments. Can be passed multiple times.
  -t FILTER             Set sticky cookie filter. Matched against requests.
  -u FILTER             Set sticky auth filter. Matched against requests.
  -v                    Increase event log verbosity.
  -w WFILE              Write flows to file.
  -z                    Try to convince servers to send us un-compressed data.
  -Z SIZE               Byte size limit of HTTP request and response bodies.
                        Understands k/m/g suffixes, i.e. 3m for 3 megabytes.
  --stream SIZE         Stream data to the client if response body exceeds the
                        given threshold. If streamed, the body will not be
                        stored in any way. Understands k/m/g suffixes, i.e. 3m
                        for 3 megabytes.
  --keepserving         Continue serving after client playback or file read.
                        We exit by default.
  -d                    Increase flow detail display level. Can be passed
                        multiple times.

Proxy Options:
  -b ADDR               Address to bind proxy to (defaults to all interfaces)
  -I HOST, --ignore HOST
                        Ignore host and forward all traffic without processing
                        it. In transparent mode, it is recommended to use an
                        IP address (range), not the hostname. In regular mode,
                        only SSL traffic is ignored and the hostname should be
                        used. The supplied value is interpreted as a regular
                        expression and matched on the ip or the hostname. Can
                        be passed multiple times.
  --tcp HOST            Generic TCP SSL proxy mode for all hosts that match
                        the pattern. Similar to --ignore,but SSL connections
                        are intercepted. The communication contents are
                        printed to the event log in verbose mode.
  -n                    Don't start a proxy server.
  -p PORT               Proxy service port.
  -R REVERSE_PROXY      Forward all requests to upstream HTTP server:
                        http[s][2http[s]]://host[:port]
  --socks               Set SOCKS5 proxy mode.
  -T                    Set transparent proxy mode.
  -U UPSTREAM_PROXY     Forward all requests to upstream proxy server:
                        http://host[:port]

Advanced Proxy Options:
  The following options allow a custom adjustment of the proxy behavior.
  Normally, you don't want to use these options directly and use the
  provided wrappers instead (-R, -U, -T).

  --http-form-in {relative,absolute}
                        Override the HTTP request form accepted by the proxy
  --http-form-out {relative,absolute}
                        Override the HTTP request form sent upstream by the
                        proxy

Onboarding App:
  -a                    Disable the mitmproxy onboarding app.
  --app-host host       Domain to serve the onboarding app from. For
                        transparent mode, use an IP when a DNS entry for the
                        app domain is not present. Default: mitm.it
  --app-port 80         Port to serve the onboarding app from.

Client Replay:
  -c PATH               Replay client requests from a saved file.

Server Replay:
  -S PATH               Replay server responses from a saved file.
  -k                    Kill extra requests during replay.
  --rheader RHEADERS    Request headers to be considered during replay. Can be
                        passed multiple times.
  --norefresh           Disable response refresh, which updates times in
                        cookies and headers for replayed responses.
  --no-pop              Disable response pop from response flow. This makes it
                        possible to replay same response multiple times.
  --replay-ignore-content
                        Ignore request's content while searching for a saved
                        flow to replay
  --replay-ignore-param REPLAY_IGNORE_PARAMS
                        Request's parameters to be ignored while searching for
                        a saved flow to replayCan be passed multiple times.

Replacements:
  Replacements are of the form "/pattern/regex/replacement", where the
  separator can be any character. Please see the documentation for more
  information.

  --replace PATTERN     Replacement pattern.
  --replace-from-file PATH
                        Replacement pattern, where the replacement clause is a
                        path to a file.

Set Headers:
  Header specifications are of the form "/pattern/header/value", where the
  separator can be any character. Please see the documentation for more
  information.

  --setheader PATTERN   Header set pattern.

Proxy Authentication:
  Specify which users are allowed to access the proxy and the method used
  for authenticating them.

  --nonanonymous        Allow access to any user long as a credentials are
                        specified.
  --singleuser USER     Allows access to a a single user, specified in the
                        form username:password.
  --htpasswd PATH       Allow access to users specified in an Apache htpasswd
                        file.

SSL:
  --cert SPEC           Add an SSL certificate. SPEC is of the form
                        "[domain=]path". The domain may include a wildcard,
                        and is equal to "*" if not specified. The file at path
                        is a certificate in PEM format. If a private key is
                        included in the PEM, it is used, else the default key
                        in the conf dir is used. The PEM file should contain
                        the full certificate chain, with the leaf certificate
                        as the first entry. Can be passed multiple times.
  --client-certs CLIENTCERTS
                        Client certificate directory.
  --ciphers CIPHERS     SSL cipher specification.
  --cert-forward        Simply forward SSL certificates from upstream.
  --no-upstream-cert    Don't connect to upstream server to look up
                        certificate details.
  --ssl-port PORT       Can be passed multiple times. Specify destination
                        ports which are assumed to be SSL. Defaults to [443,
                        8443].
boby@bob:~$ mitmdump 
^L

127.0.0.1:65022: clientconnect
127.0.0.1 GET http://www.google.fr/url?sa=t&rct=j&q=&esrc=s&source=web&cd=1&sqi=2&ved=0CCEQFjAA&url=http%3A%2F%2Fwww.stelau.com%2F&ei=RVdTVYWzM8OAU7KOgMgG&usg=AFQjCNGUQHC8khmbKf193Lx7G1fCbXpTNg&bvm=bv.93112503,d.ZGU
 << 200 OK 252B
127.0.0.1 GET http://www.stelau.com/
 << 200 OK 2.23kB
127.0.0.1:65025: clientconnect
127.0.0.1:65026: clientconnect
127.0.0.1:65027: clientconnect
127.0.0.1:65028: clientconnect
127.0.0.1:65029: clientconnect
127.0.0.1:65030: clientconnect
127.0.0.1:65031: clientconnect
127.0.0.1:65032: clientconnect
127.0.0.1:65033: clientconnect
127.0.0.1:65034: clientconnect
127.0.0.1:65035: clientconnect
127.0.0.1:65036: clientconnect
127.0.0.1 GET http://www.stelau.com/images/shared/top.png
 << 200 OK 1.24kB
127.0.0.1 GET http://www.stelau.com/images/shared/ss-titre.png
 << 200 OK 2.49kB
127.0.0.1 GET http://www.stelau.com/images/shared/logo.png
 << 200 OK 4.84kB
127.0.0.1 GET http://www.stelau.com/images/shared/side.png
 << 200 OK 380B
127.0.0.1 GET http://www.stelau.com/images/shared/bot.png
 << 200 OK 1.68kB
127.0.0.1 GET http://www.google-analytics.com/ga.js
 << 200 OK 15.7kB
127.0.0.1 GET http://www.stelau.com/images/fond2.jpg
 << 200 OK 9.1kB
127.0.0.1 GET http://www.stelau.com/images/shared/t_logo-b.png
 << 200 OK 1.01kB
127.0.0.1 GET http://www.stelau.com/favicon.ico
 << 200 OK 1.05kB
127.0.0.1 GET http://www.stelau.com/images/shared/background.png
 << 200 OK 866B
127.0.0.1 GET http://www.stelau.com/images/shared/stelau.png
 << 200 OK 850B
127.0.0.1 GET http://www.google-analytics.com/r/__utm.gif?utmwv=5.6.4&utms=1&utmn=640146564&utmhn=www.stelau.com&utmcs=UTF-8&utmsr=1440x900&utmvp=720x798&utmsc=24-bit&utmul=fr&utmje=1&utmfl=17.0%20r0&utmdt=Stelau&utmhid=868006498&utmr=http%3A%2F%2Fwww.google.fr%2Furl%3Fsa%3Dt%26rct%3Dj%26q%3D%26esrc%3Ds%26source%3Dweb%26cd%3D1%26sqi%3D2%26ved%3D0CCEQFjAA%26url%3Dhttp%253A%252F%252Fwww.stelau.com%252F%26ei%3DRVdTVYWzM8OAU7KOgMgG%26usg%3DAFQjCNGUQHC8khmbKf193Lx7G1fCbXpTNg%26bvm%3Dbv.93112503%2Cd.ZGU&utmp=%2F&utmht=1431525380276&utmac=UA-5947415-1&utmcc=__utma%3D259147080.824493331.1431525380.1431525380.1431525380.1%3B%2B__utmz%3D259147080.1431525380.1.1.utmcsr%3Dgoogle%7Cutmccn%3D(organic)%7Cutmcmd%3Dorganic%7Cutmctr%3D(not%2520provided)%3B&utmjid=1464726576&utmredir=1&utmu=DAAAAAAAAAAAAAAAAAAAAAAE~
 << 200 OK 35B
127.0.0.1 GET http://www.stelau.com/images/fond1.jpg
 << 200 OK 177.19kB
127.0.0.1 GET http://www.stelau.com/images/bando-bas.jpg
 << 200 OK 89.29kB
127.0.0.1:65050: clientconnect
127.0.0.1:65050: TLSv1 Alert Unknown CA: The client does not trust the proxy's certificate.
127.0.0.1:65050: clientdisconnect
127.0.0.1 GET http://www.google.fr/url?sa=t&rct=j&q=&esrc=s&source=web&cd=2&sqi=2&ved=0CCcQFjAB&url=http%3A%2F%2Fwww.stelau.com%2Fcontact%2F&ei=RVdTVYWzM8OAU7KOgMgG&usg=AFQjCNE429yoXgKgytO6UhvudATPqMBdqg&bvm=bv.93112503,d.ZGU
 << 200 OK 257B
127.0.0.1 GET http://www.stelau.com/contact/
 << 200 OK 5.28kB
127.0.0.1 GET http://www.stelau.com/contact/images/contact(images)_03.png
 << 200 OK 437B
127.0.0.1 GET http://www.stelau.com/images/shared/deg.png
 << 200 OK 4.22kB
127.0.0.1 GET http://www.stelau.com/contact/images/contact(textes)_09.png
 << 200 OK 2.18kB
127.0.0.1 GET http://www.stelau.com/contact/images/contact(images)_06.png
 << 200 OK 2.43kB
127.0.0.1 GET http://www.google-analytics.com/__utm.gif?utmwv=5.6.4&utms=2&utmn=1635814657&utmhn=www.stelau.com&utmcs=UTF-8&utmsr=1440x900&utmvp=720x798&utmsc=24-bit&utmul=fr&utmje=1&utmfl=17.0%20r0&utmdt=Stelau%20%7C%20Contact&utmhid=345849181&utmr=http%3A%2F%2Fwww.google.fr%2Furl%3Fsa%3Dt%26rct%3Dj%26q%3D%26esrc%3Ds%26source%3Dweb%26cd%3D2%26sqi%3D2%26ved%3D0CCcQFjAB%26url%3Dhttp%253A%252F%252Fwww.stelau.com%252Fcontact%252F%26ei%3DRVdTVYWzM8OAU7KOgMgG%26usg%3DAFQjCNE429yoXgKgytO6UhvudATPqMBdqg%26bvm%3Dbv.93112503%2Cd.ZGU&utmp=%2Fcontact%2F&utmht=1431525418451&utmac=UA-5947415-1&utmcc=__utma%3D259147080.824493331.1431525380.1431525380.1431525380.1%3B%2B__utmz%3D259147080.1431525380.1.1.utmcsr%3Dgoogle%7Cutmccn%3D(organic)%7Cutmcmd%3Dorganic%7Cutmctr%3D(not%2520provided)%3B&utmjid=&utmu=DAAAAAAAAAAAAAAAAAAAAAAE~
 << 200 OK 35B
127.0.0.1 GET http://www.stelau.com/contact/images/contact(textes)_03.png
 << 200 OK 2kB
127.0.0.1 GET http://www.stelau.com/contact/images/contact(images)_16.png
 << 200 OK 496B
127.0.0.1 GET http://www.stelau.com/contact/images/contact(images)_10.png
 << 200 OK 2.97kB
127.0.0.1 GET http://www.stelau.com/contact/images/contact(textes)_06.png
 << 200 OK 2.11kB
127.0.0.1 GET http://www.stelau.com/contact/images/contact(images)_19.png
 << 200 OK 8.43kB
127.0.0.1 GET http://www.stelau.com/contact/images/bando.png
 << 200 OK 78.1kB
127.0.0.1 GET http://www.stelau.com/contact/images/contact(images)_13.png
 << 200 OK 39.83kB
127.0.0.1 GET http://www.stelau.com/images/shared/bando-bas1.png
 << 200 OK 30.2kB
127.0.0.1 GET http://www.google.fr/url?sa=t&rct=j&q=&esrc=s&source=web&cd=7&sqi=2&ved=0CEEQFjAG&url=http%3A%2F%2Fclever-institut.com%2Fformateur%2Fbenoit-leger&ei=RVdTVYWzM8OAU7KOgMgG&usg=AFQjCNHBRQdZqWMyGIczM-DOHWntt8vosg&bvm=bv.93112503,d.ZGU
 << 200 OK 270B
127.0.0.1 GET http://clever-institut.com/formateur/benoit-leger
 << 200 OK 4.56kB
127.0.0.1 GET http://clever-institut.com/js/init__v1421052600293.gz.js
 << 200 OK 816B
127.0.0.1 GET http://clever-institut.com/images/favicon.ico
 << 200 OK 894B
127.0.0.1 GET http://clever-institut.com/js/prod-bundled-js__v1421052600293.gz.js
 << 200 OK 302B
127.0.0.1 GET http://clever-institut.com/css/bundled-css__v1421052600293.gz.css
 << 200 OK 47.46kB
127.0.0.1:65075: clientconnect
127.0.0.1:65076: clientconnect
127.0.0.1:65077: clientconnect
127.0.0.1:65079: clientconnect
127.0.0.1:65080: clientconnect
127.0.0.1:65081: clientconnect
127.0.0.1:65082: clientconnect
127.0.0.1:65083: clientconnect
127.0.0.1:65084: clientconnect
127.0.0.1:65085: clientconnect
127.0.0.1:65086: clientconnect
127.0.0.1:65090: clientconnect
127.0.0.1:65093: clientconnect
127.0.0.1 GET http://clever-institut.com/images/btn-search-header.png
 << 200 OK 1.18kB
127.0.0.1 GET http://clever-institut.com/images/twitter.png
 << 200 OK 522B
127.0.0.1 GET http://clever-institut.com/images/clever-institut.png
 << 200 OK 2.73kB
127.0.0.1 GET http://clever-institut.com/images/bg/header.jpg
 << 200 OK 5.01kB
127.0.0.1 GET http://clever-institut.com/js/bundled-js__v1421052600293.gz.js
 << 200 OK 70.95kB
127.0.0.1 GET http://clever-institut.com/images/picto-f.png
 << 200 OK 369B
127.0.0.1 GET http://clever-institut.com/images/linkedinIcone.png
 << 200 OK 467B
127.0.0.1 GET http://clever-institut.com/images/colorbox/controls.png
 << 200 OK 1.22kB
127.0.0.1 GET http://clever-institut.com/images/colorbox/loading_background.png
 << 200 OK 152B
127.0.0.1 GET http://clever-institut.com/images/colorbox/ajax-loader.gif
 << 200 OK 2.49kB
127.0.0.1 GET http://clever-institut.com/images/colorbox/border.png
 << 200 OK 104B
127.0.0.1 GET http://www.google-analytics.com/r/__utm.gif?utmwv=5.6.4&utms=1&utmn=748655761&utmhn=clever-institut.com&utmcs=UTF-8&utmsr=1440x900&utmvp=720x798&utmsc=24-bit&utmul=fr&utmje=1&utmfl=17.0%20r0&utmdt=Beno%C3%AEt%20Leger%20%7C%20Clever%20Institut&utmhid=286749415&utmr=http%3A%2F%2Fwww.google.fr%2Furl%3Fsa%3Dt%26rct%3Dj%26q%3D%26esrc%3Ds%26source%3Dweb%26cd%3D7%26sqi%3D2%26ved%3D0CEEQFjAG%26url%3Dhttp%253A%252F%252Fclever-institut.com%252Fformateur%252Fbenoit-leger%26ei%3DRVdTVYWzM8OAU7KOgMgG%26usg%3DAFQjCNHBRQdZqWMyGIczM-DOHWntt8vosg%26bvm%3Dbv.93112503%2Cd.ZGU&utmp=%2Fformateur%2Fbenoit-leger&utmht=1431525435354&utmac=UA-22055219-1&utmcc=__utma%3D260974175.1235598493.1431525435.1431525435.1431525435.1%3B%2B__utmz%3D260974175.1431525435.1.1.utmcsr%3Dgoogle%7Cutmccn%3D(organic)%7Cutmcmd%3Dorganic%7Cutmctr%3D(not%2520provided)%3B&utmjid=785278317&utmredir=1&utmu=qAAAAAAAAAAAAAAAAAAAAAAE~
 << 200 OK 35B
127.0.0.1 GET http://static.woopra.com/js/woopra.js
 << 200 OK 3.3kB
127.0.0.1 GET http://clever-institut.com/images/picto-t.png
 << 200 OK 399B
127.0.0.1 GET http://clever-institut.com/images/linkedin.png
 << 200 OK 519B
127.0.0.1 GET http://clever-institut.com/thumb/41/Benoit-Leger_142x142.png
 << 200 OK 12.87kB
127.0.0.1 GET http://www.woopra.com/track/visit/?ra=jqqUIOhyR36I&alias=clever-institut.com&cookie=pEPniVgoOg19&meta=&screen=1440x900&language=fr&referer=http%3A%2F%2Fwww.google.fr%2Furl%3Fsa%3Dt%26rct%3Dj%26q%3D%26esrc%3Ds%26source%3Dweb%26cd%3D7%26sqi%3D2%26ved%3D0CEEQFjAG%26url%3Dhttp%253A%252F%252Fclever-institut.com%252Fformateur%252Fbenoit-leger%26ei%3DRVdTVYWzM8OAU7KOgMgG%26usg%3DAFQjCNHBRQdZqWMyGIczM-DOHWntt8vosg%26bvm%3Dbv.93112503%2Cd.ZGU&idle=0&vs=r&ce_type=pageview&ce_url=%2Fformateur%2Fbenoit-leger&ce_title=Beno%C3%AEt%20Leger%20%7C%20Clever%20Institut&ce_name=pv
 << 200 OK 0B
127.0.0.1:65031: clientdisconnect
127.0.0.1 GET http://clever-institut.com/font/droid-sans-webfont.woff
 << 404 Introuvable 1015B
127.0.0.1 GET http://clever-institut.com/images/viadeo-menu.png
 << 200 OK 938B
127.0.0.1 GET http://clever-institut.com/images/picto-e.png
 << 200 OK 240B
127.0.0.1 GET http://clever-institut.com/images/bg/picto-aide.png
 << 200 OK 1.03kB
127.0.0.1 GET http://clever-institut.com/images/bg/men.jpg
 << 200 OK 2.12kB
127.0.0.1 GET http://clever-institut.com/images/bg/body.jpg
 << 200 OK 1.24kB
127.0.0.1 GET http://clever-institut.com/images/bg/fleche.png
 << 200 OK 229B
127.0.0.1 GET http://clever-institut.com/images/bg/sidebar.jpg
 << 200 OK 14.98kB
127.0.0.1 GET http://clever-institut.com/font/droid-sans-webfont.ttf
 << 404 Introuvable 412B
127.0.0.1 GET http://clever-institut.com/font/droidsans-webfont.woff
 << 200 OK 26.09kB
127.0.0.1 GET http://clever-institut.com/font/droid-sans-webfont.eot
 << 404 Introuvable 412B
127.0.0.1 GET http://clever-institut.com/images/bg/separateur.png
 << 200 OK 138B
127.0.0.1 GET http://clever-institut.com/images/bg/side.jpg
 << 200 OK 329B
127.0.0.1 GET http://clever-institut.com/images/bg/table-border.png
 << 200 OK 99B
127.0.0.1 GET http://clever-institut.com/images/viadeo.png
 << 200 OK 511B
127.0.0.1 GET http://clever-institut.com/images/bg/fleche-noire.png
 << 200 OK 151B
127.0.0.1 GET http://clever-institut.com/images/bg/footer.png
 << 200 OK 87B
127.0.0.1 GET http://clever-institut.com/images/bg/footer.jpg
 << 200 OK 8.54kB
127.0.0.1 GET http://clever-institut.com/font/droidsans-bold-webfont.woff
 << 200 OK 25.46kB
127.0.0.1 GET http://www.woopra.com/track/ping/?ra=sJDhVE21zhbv&alias=clever-institut.com&cookie=pEPniVgoOg19&meta=&screen=1440x900&language=fr&referer=http%3A%2F%2Fwww.google.fr%2Furl%3Fsa%3Dt%26rct%3Dj%26q%3D%26esrc%3Ds%26source%3Dweb%26cd%3D7%26sqi%3D2%26ved%3D0CEEQFjAG%26url%3Dhttp%253A%252F%252Fclever-institut.com%252Fformateur%252Fbenoit-leger%26ei%3DRVdTVYWzM8OAU7KOgMgG%26usg%3DAFQjCNHBRQdZqWMyGIczM-DOHWntt8vosg%26bvm%3Dbv.93112503%2Cd.ZGU&idle=12&vs=i&ce_name=x
 << 200 OK 0B
127.0.0.1:65032: clientdisconnect
boby@bob:~$ jq 

jq - commandline JSON processor [version 1.4]
Usage: jq [options] <jq filter> [file...]

For a description of the command line options and
how to write jq filters (and why you might want to)
see the jq manpage, or the online documentation at
http://stedolan.github.com/jq

boby@bob:~$ curl 'http://musicbrainz.org/ws/2/artist/?query=artist%3AGainsbourg&fmt=json'{"created":"2015-05-14T19:09:53.87Z","count":5,"offset":0,"artists":[{"id":"b21ef19b-c6aa-4775-90d3-3cc3e067ce6d","type":"Person","score":"100","name":"Serge Gainsbourg","sort-name":"Gainsbourg, Serge","gender":"male","country":"FR","area":{"id":"08310658-51eb-3801-80de-5a0739207115","name":"France","sort-name":"France"},"begin-area":{"id":"dc10c22b-e510-4006-8b7f-fecb4f36436e","name":"Paris","sort-name":"Paris"},"end-area":{"id":"dc10c22b-e510-4006-8b7f-fecb4f36436e","name":"Paris","sort-name":"Paris"},"ipis":["00011123948"],"life-span":{"begin":"1928-04-02","end":"1991-03-02","ended":true},"aliases":[{"sort-name":"Ginsburg, Lucien","name":"Lucien Ginsburg","locale":null,"type":"Legal name","primary":null,"begin-date":null,"end-date":null},{"sort-name":"S. Gainsbourg","name":"S. Gainsbourg","locale":null,"type":null,"primary":null,"begin-date":null,"end-date":null}],"tags":[{"count":1,"name":"c’était mieux avant"},{"count":1,"name":"european"},{"count":3,"name":"french"},{"count":1,"name":"french rock"},{"count":2,"name":"chanson"},{"count":1,"name":"jazz"},{"count":2,"name":"french pop"},{"count":1,"name":"eurovision"},{"count":1,"name":"reggae"},{"count":1,"name":"rock"},{"count":1,"name":"rock and indie"},{"count":1,"name":"initials b.b."},{"count":1,"name":"soundtracks"},{"count":1,"name":"tous"}]},{"id":"6efa29c6-9995-48e0-9eaf-3809464a39a7","type":"Person","score":"100","name":"Charlotte Gainsbourg","sort-name":"Gainsbourg, Charlotte","gender":"female","country":"FR","area":{"id":"08310658-51eb-3801-80de-5a0739207115","name":"France","sort-name":"France"},"life-span":{"begin":"1971-07-21","ended":null},"tags":[{"count":1,"name":"french"},{"count":1,"name":"british"},{"count":1,"name":"english"},{"count":1,"name":"todo-works"}]},{"id":"e186bf19-0269-4164-8272-72deab4b0941","type":"Person","score":"100","name":"Lucien Gainsbourg","sort-name":"Gainsbourg, Lucien","gender":"male","country":"FR","area":{"id":"08310658-51eb-3801-80de-5a0739207115","name":"France","sort-name":"France"},"life-span":{"begin":"1986-01-05","ended":null},"aliases":[{"sort-name":"Lulu","name":"Lulu","locale":null,"type":null,"primary":null,"begin-date":null,"end-date":null},{"sort-name":"Lulu Gainsbourg","name":"Lulu Gainsbourg","locale":null,"type":null,"primary":null,"begin-date":null,"end-date":null}]},{"id":"08dc47b5-4a24-46f0-8022-3e58f4ad4e85","score":"100","name":"Sizlla Gainsbourg","sort-name":"Sizlla Gainsbourg","life-span":{"ended":null}},{"id":"ec712cc4-cfe8-4162-96a3-3fc4b102406b","type":"Group","score":"80","name":"The Serge Gainsbourg Experience","sort-name":"Serge Gainsbourg Experience, The","life-span":{"begin":"2011","ended":null}}]}boby@bocurl 'http://musicbrainz.org/ws/2/artist/?query=artist%3AGainsbourg&fmt=json' | jq

jq - commandline JSON processor [version 1.4]
Usage: jq [options] <jq filter> [file...]

For a description of the command line options and
how to write jq filters (and why you might want to)
see the jq manpage, or the online documentation at
http://stedolan.github.com/jq

  % Total    % Received % Xferd  Average Speed   Time    Time     Time  Current
                                 Dload  Upload   Total   Spent    Left  Speed
100  2678    0  2678    0     0   6709      0 --:--:-- --:--:-- --:--:--  6711
(23) Failed writing body
boby@bob:~$ curl 'http://musicbrainz.org/ws/2/artist/?query=artist%3AGainsbourg&fmt=json' | jq .
  % Total    % Received % Xferd  Average Speed   Time    Time     Time  Current
                                 Dload  Upload   Total   Spent    Left  Speed
100  2678    0  2678    0     0   1890      0 --:--:--  0:00:01 --:--:--  1889
{
  "created": "2015-05-14T19:09:53.87Z",
  "count": 5,
  "offset": 0,
  "artists": [
    {
      "id": "b21ef19b-c6aa-4775-90d3-3cc3e067ce6d",
      "type": "Person",
      "score": "100",
      "name": "Serge Gainsbourg",
      "sort-name": "Gainsbourg, Serge",
      "gender": "male",
      "country": "FR",
      "area": {
        "id": "08310658-51eb-3801-80de-5a0739207115",
        "name": "France",
        "sort-name": "France"
      },
      "begin-area": {
        "id": "dc10c22b-e510-4006-8b7f-fecb4f36436e",
        "name": "Paris",
        "sort-name": "Paris"
      },
      "end-area": {
        "id": "dc10c22b-e510-4006-8b7f-fecb4f36436e",
        "name": "Paris",
        "sort-name": "Paris"
      },
      "ipis": [
        "00011123948"
      ],
      "life-span": {
        "begin": "1928-04-02",
        "end": "1991-03-02",
        "ended": true
      },
      "aliases": [
        {
          "sort-name": "Ginsburg, Lucien",
          "name": "Lucien Ginsburg",
          "locale": null,
          "type": "Legal name",
          "primary": null,
          "begin-date": null,
          "end-date": null
        },
        {
          "sort-name": "S. Gainsbourg",
          "name": "S. Gainsbourg",
          "locale": null,
          "type": null,
          "primary": null,
          "begin-date": null,
          "end-date": null
        }
      ],
      "tags": [
        {
          "count": 1,
          "name": "c’était mieux avant"
        },
        {
          "count": 1,
          "name": "european"
        },
        {
          "count": 3,
          "name": "french"
        },
        {
          "count": 1,
          "name": "french rock"
        },
        {
          "count": 2,
          "name": "chanson"
        },
        {
          "count": 1,
          "name": "jazz"
        },
        {
          "count": 2,
          "name": "french pop"
        },
        {
          "count": 1,
          "name": "eurovision"
        },
        {
          "count": 1,
          "name": "reggae"
        },
        {
          "count": 1,
          "name": "rock"
        },
        {
          "count": 1,
          "name": "rock and indie"
        },
        {
          "count": 1,
          "name": "initials b.b."
        },
        {
          "count": 1,
          "name": "soundtracks"
        },
        {
          "count": 1,
          "name": "tous"
        }
      ]
    },
    {
      "id": "6efa29c6-9995-48e0-9eaf-3809464a39a7",
      "type": "Person",
      "score": "100",
      "name": "Charlotte Gainsbourg",
      "sort-name": "Gainsbourg, Charlotte",
      "gender": "female",
      "country": "FR",
      "area": {
        "id": "08310658-51eb-3801-80de-5a0739207115",
        "name": "France",
        "sort-name": "France"
      },
      "life-span": {
        "begin": "1971-07-21",
        "ended": null
      },
      "tags": [
        {
          "count": 1,
          "name": "french"
        },
        {
          "count": 1,
          "name": "british"
        },
        {
          "count": 1,
          "name": "english"
        },
        {
          "count": 1,
          "name": "todo-works"
        }
      ]
    },
    {
      "id": "e186bf19-0269-4164-8272-72deab4b0941",
      "type": "Person",
      "score": "100",
      "name": "Lucien Gainsbourg",
      "sort-name": "Gainsbourg, Lucien",
      "gender": "male",
      "country": "FR",
      "area": {
        "id": "08310658-51eb-3801-80de-5a0739207115",
        "name": "France",
        "sort-name": "France"
      },
      "life-span": {
        "begin": "1986-01-05",
        "ended": null
      },
      "aliases": [
        {
          "sort-name": "Lulu",
          "name": "Lulu",
          "locale": null,
          "type": null,
          "primary": null,
          "begin-date": null,
          "end-date": null
        },
        {
          "sort-name": "Lulu Gainsbourg",
          "name": "Lulu Gainsbourg",
          "locale": null,
          "type": null,
          "primary": null,
          "begin-date": null,
          "end-date": null
        }
      ]
    },
    {
      "id": "08dc47b5-4a24-46f0-8022-3e58f4ad4e85",
      "score": "100",
      "name": "Sizlla Gainsbourg",
      "sort-name": "Sizlla Gainsbourg",
      "life-span": {
        "ended": null
      }
    },
    {
      "id": "ec712cc4-cfe8-4162-96a3-3fc4b102406b",
      "type": "Group",
      "score": "80",
      "name": "The Serge Gainsbourg Experience",
      "sort-name": "Serge Gainsbourg Experience, The",
      "life-span": {
        "begin": "2011",
        "ended": null
      }
    }
  ]
}
boby@bob:~$ curl -s 'http://musicbrainz.org/ws/2/artist/?query=artist%3AGainsbourg&fmt=json' | jq .
{
  "created": "2015-05-14T19:09:53.87Z",
  "count": 5,
  "offset": 0,
  "artists": [
    {
      "id": "b21ef19b-c6aa-4775-90d3-3cc3e067ce6d",
      "type": "Person",
      "score": "100",
      "name": "Serge Gainsbourg",
      "sort-name": "Gainsbourg, Serge",
      "gender": "male",
      "country": "FR",
      "area": {
        "id": "08310658-51eb-3801-80de-5a0739207115",
        "name": "France",
        "sort-name": "France"
      },
      "begin-area": {
        "id": "dc10c22b-e510-4006-8b7f-fecb4f36436e",
        "name": "Paris",
        "sort-name": "Paris"
      },
      "end-area": {
        "id": "dc10c22b-e510-4006-8b7f-fecb4f36436e",
        "name": "Paris",
        "sort-name": "Paris"
      },
      "ipis": [
        "00011123948"
      ],
      "life-span": {
        "begin": "1928-04-02",
        "end": "1991-03-02",
        "ended": true
      },
      "aliases": [
        {
          "sort-name": "Ginsburg, Lucien",
          "name": "Lucien Ginsburg",
          "locale": null,
          "type": "Legal name",
          "primary": null,
          "begin-date": null,
          "end-date": null
        },
        {
          "sort-name": "S. Gainsbourg",
          "name": "S. Gainsbourg",
          "locale": null,
          "type": null,
          "primary": null,
          "begin-date": null,
          "end-date": null
        }
      ],
      "tags": [
        {
          "count": 1,
          "name": "c’était mieux avant"
        },
        {
          "count": 1,
          "name": "european"
        },
        {
          "count": 3,
          "name": "french"
        },
        {
          "count": 1,
          "name": "french rock"
        },
        {
          "count": 2,
          "name": "chanson"
        },
        {
          "count": 1,
          "name": "jazz"
        },
        {
          "count": 2,
          "name": "french pop"
        },
        {
          "count": 1,
          "name": "eurovision"
        },
        {
          "count": 1,
          "name": "reggae"
        },
        {
          "count": 1,
          "name": "rock"
        },
        {
          "count": 1,
          "name": "rock and indie"
        },
        {
          "count": 1,
          "name": "initials b.b."
        },
        {
          "count": 1,
          "name": "soundtracks"
        },
        {
          "count": 1,
          "name": "tous"
        }
      ]
    },
    {
      "id": "6efa29c6-9995-48e0-9eaf-3809464a39a7",
      "type": "Person",
      "score": "100",
      "name": "Charlotte Gainsbourg",
      "sort-name": "Gainsbourg, Charlotte",
      "gender": "female",
      "country": "FR",
      "area": {
        "id": "08310658-51eb-3801-80de-5a0739207115",
        "name": "France",
        "sort-name": "France"
      },
      "life-span": {
        "begin": "1971-07-21",
        "ended": null
      },
      "tags": [
        {
          "count": 1,
          "name": "french"
        },
        {
          "count": 1,
          "name": "british"
        },
        {
          "count": 1,
          "name": "english"
        },
        {
          "count": 1,
          "name": "todo-works"
        }
      ]
    },
    {
      "id": "e186bf19-0269-4164-8272-72deab4b0941",
      "type": "Person",
      "score": "100",
      "name": "Lucien Gainsbourg",
      "sort-name": "Gainsbourg, Lucien",
      "gender": "male",
      "country": "FR",
      "area": {
        "id": "08310658-51eb-3801-80de-5a0739207115",
        "name": "France",
        "sort-name": "France"
      },
      "life-span": {
        "begin": "1986-01-05",
        "ended": null
      },
      "aliases": [
        {
          "sort-name": "Lulu",
          "name": "Lulu",
          "locale": null,
          "type": null,
          "primary": null,
          "begin-date": null,
          "end-date": null
        },
        {
          "sort-name": "Lulu Gainsbourg",
          "name": "Lulu Gainsbourg",
          "locale": null,
          "type": null,
          "primary": null,
          "begin-date": null,
          "end-date": null
        }
      ]
    },
    {
      "id": "08dc47b5-4a24-46f0-8022-3e58f4ad4e85",
      "score": "100",
      "name": "Sizlla Gainsbourg",
      "sort-name": "Sizlla Gainsbourg",
      "life-span": {
        "ended": null
      }
    },
    {
      "id": "ec712cc4-cfe8-4162-96a3-3fc4b102406b",
      "type": "Group",
      "score": "80",
      "name": "The Serge Gainsbourg Experience",
      "sort-name": "Serge Gainsbourg Experience, The",
      "life-span": {
        "begin": "2011",
        "ended": null
      }
    }
  ]
}
boby@bob:~$ curl -s 'http://musicbrainz.org/ws/2/artist/?query=artist%3AGainsbourg&fmt=json' | jq .artists
[
  {
    "id": "b21ef19b-c6aa-4775-90d3-3cc3e067ce6d",
    "type": "Person",
    "score": "100",
    "name": "Serge Gainsbourg",
    "sort-name": "Gainsbourg, Serge",
    "gender": "male",
    "country": "FR",
    "area": {
      "id": "08310658-51eb-3801-80de-5a0739207115",
      "name": "France",
      "sort-name": "France"
    },
    "begin-area": {
      "id": "dc10c22b-e510-4006-8b7f-fecb4f36436e",
      "name": "Paris",
      "sort-name": "Paris"
    },
    "end-area": {
      "id": "dc10c22b-e510-4006-8b7f-fecb4f36436e",
      "name": "Paris",
      "sort-name": "Paris"
    },
    "ipis": [
      "00011123948"
    ],
    "life-span": {
      "begin": "1928-04-02",
      "end": "1991-03-02",
      "ended": true
    },
    "aliases": [
      {
        "sort-name": "Ginsburg, Lucien",
        "name": "Lucien Ginsburg",
        "locale": null,
        "type": "Legal name",
        "primary": null,
        "begin-date": null,
        "end-date": null
      },
      {
        "sort-name": "S. Gainsbourg",
        "name": "S. Gainsbourg",
        "locale": null,
        "type": null,
        "primary": null,
        "begin-date": null,
        "end-date": null
      }
    ],
    "tags": [
      {
        "count": 1,
        "name": "c’était mieux avant"
      },
      {
        "count": 1,
        "name": "european"
      },
      {
        "count": 3,
        "name": "french"
      },
      {
        "count": 1,
        "name": "french rock"
      },
      {
        "count": 2,
        "name": "chanson"
      },
      {
        "count": 1,
        "name": "jazz"
      },
      {
        "count": 2,
        "name": "french pop"
      },
      {
        "count": 1,
        "name": "eurovision"
      },
      {
        "count": 1,
        "name": "reggae"
      },
      {
        "count": 1,
        "name": "rock"
      },
      {
        "count": 1,
        "name": "rock and indie"
      },
      {
        "count": 1,
        "name": "initials b.b."
      },
      {
        "count": 1,
        "name": "soundtracks"
      },
      {
        "count": 1,
        "name": "tous"
      }
    ]
  },
  {
    "id": "6efa29c6-9995-48e0-9eaf-3809464a39a7",
    "type": "Person",
    "score": "100",
    "name": "Charlotte Gainsbourg",
    "sort-name": "Gainsbourg, Charlotte",
    "gender": "female",
    "country": "FR",
    "area": {
      "id": "08310658-51eb-3801-80de-5a0739207115",
      "name": "France",
      "sort-name": "France"
    },
    "life-span": {
      "begin": "1971-07-21",
      "ended": null
    },
    "tags": [
      {
        "count": 1,
        "name": "french"
      },
      {
        "count": 1,
        "name": "british"
      },
      {
        "count": 1,
        "name": "english"
      },
      {
        "count": 1,
        "name": "todo-works"
      }
    ]
  },
  {
    "id": "e186bf19-0269-4164-8272-72deab4b0941",
    "type": "Person",
    "score": "100",
    "name": "Lucien Gainsbourg",
    "sort-name": "Gainsbourg, Lucien",
    "gender": "male",
    "country": "FR",
    "area": {
      "id": "08310658-51eb-3801-80de-5a0739207115",
      "name": "France",
      "sort-name": "France"
    },
    "life-span": {
      "begin": "1986-01-05",
      "ended": null
    },
    "aliases": [
      {
        "sort-name": "Lulu",
        "name": "Lulu",
        "locale": null,
        "type": null,
        "primary": null,
        "begin-date": null,
        "end-date": null
      },
      {
        "sort-name": "Lulu Gainsbourg",
        "name": "Lulu Gainsbourg",
        "locale": null,
        "type": null,
        "primary": null,
        "begin-date": null,
        "end-date": null
      }
    ]
  },
  {
    "id": "08dc47b5-4a24-46f0-8022-3e58f4ad4e85",
    "score": "100",
    "name": "Sizlla Gainsbourg",
    "sort-name": "Sizlla Gainsbourg",
    "life-span": {
      "ended": null
    }
  },
  {
    "id": "ec712cc4-cfe8-4162-96a3-3fc4b102406b",
    "type": "Group",
    "score": "80",
    "name": "The Serge Gainsbourg Experience",
    "sort-name": "Serge Gainsbourg Experience, The",
    "life-span": {
      "begin": "2011",
      "ended": null
    }
  }
]
boby@bob:~$ curl -s 'http://musicbrainz.org/ws/2/artist/?query=artist%3AGainsbourg&fmt=json' | jq artists
error: artists is not defined
artists1 compile error
(23) Failed writing body
boby@bob:~$ curl -s 'http://musicbrainz.org/ws/2/artist/?query=artist%3AGainsbourg&fmt=json' | jq .artists[1]
{
  "id": "6efa29c6-9995-48e0-9eaf-3809464a39a7",
  "type": "Person",
  "score": "100",
  "name": "Charlotte Gainsbourg",
  "sort-name": "Gainsbourg, Charlotte",
  "gender": "female",
  "country": "FR",
  "area": {
    "id": "08310658-51eb-3801-80de-5a0739207115",
    "name": "France",
    "sort-name": "France"
  },
  "life-span": {
    "begin": "1971-07-21",
    "ended": null
  },
  "tags": [
    {
      "count": 1,
      "name": "french"
    },
    {
      "count": 1,
      "name": "british"
    },
    {
      "count": 1,
      "name": "english"
    },
    {
      "count": 1,
      "name": "todo-works"
    }
  ]
}
boby@bob:~$ curl -s 'http://musicbrainz.org/ws/2/artist/?query=artist%3AGainsbourg&fmt=json' | jq .artists[1].id
"6efa29c6-9995-48e0-9eaf-3809464a39a7"
boby@bob:~$ curl -s 'http://musicbrainz.org/ws/2/artist/?query=artist%3AGainsbourg&fmt=json' | jq .artists[0].id
"b21ef19b-c6aa-4775-90d3-3cc3e067ce6d"
boby@bob:~$ curl -s 'http://musicbrainz.org/ws/2/artist/?query=artist%3AGainsbourg&fmt=json' | jq .artists[0]
{
  "id": "b21ef19b-c6aa-4775-90d3-3cc3e067ce6d",
  "type": "Person",
  "score": "100",
  "name": "Serge Gainsbourg",
  "sort-name": "Gainsbourg, Serge",
  "gender": "male",
  "country": "FR",
  "area": {
    "id": "08310658-51eb-3801-80de-5a0739207115",
    "name": "France",
    "sort-name": "France"
  },
  "begin-area": {
    "id": "dc10c22b-e510-4006-8b7f-fecb4f36436e",
    "name": "Paris",
    "sort-name": "Paris"
  },
  "end-area": {
    "id": "dc10c22b-e510-4006-8b7f-fecb4f36436e",
    "name": "Paris",
    "sort-name": "Paris"
  },
  "ipis": [
    "00011123948"
  ],
  "life-span": {
    "begin": "1928-04-02",
    "end": "1991-03-02",
    "ended": true
  },
  "aliases": [
    {
      "sort-name": "Ginsburg, Lucien",
      "name": "Lucien Ginsburg",
      "locale": null,
      "type": "Legal name",
      "primary": null,
      "begin-date": null,
      "end-date": null
    },
    {
      "sort-name": "S. Gainsbourg",
      "name": "S. Gainsbourg",
      "locale": null,
      "type": null,
      "primary": null,
      "begin-date": null,
      "end-date": null
    }
  ],
  "tags": [
    {
      "count": 1,
      "name": "c’était mieux avant"
    },
    {
      "count": 1,
      "name": "european"
    },
    {
      "count": 3,
      "name": "french"
    },
    {
      "count": 1,
      "name": "french rock"
    },
    {
      "count": 2,
      "name": "chanson"
    },
    {
      "count": 1,
      "name": "jazz"
    },
    {
      "count": 2,
      "name": "french pop"
    },
    {
      "count": 1,
      "name": "eurovision"
    },
    {
      "count": 1,
      "name": "reggae"
    },
    {
      "count": 1,
      "name": "rock"
    },
    {
      "count": 1,
      "name": "rock and indie"
    },
    {
      "count": 1,
      "name": "initials b.b."
    },
    {
      "count": 1,
      "name": "soundtracks"
    },
    {
      "count": 1,
      "name": "tous"
    }
  ]
}
boby@bob:~$ curl -s 'http://musicbrainz.org/ws/2/artist/?query=artist%3AGainsbourg&fmt=json' | jq .artists[0].name
"Serge Gainsbourg"
boby@bob:~$ curl -s 'http://musicbrainz.org/ws/2/artist/?query=artist%3AGainsbourg&fmt=json' | jq .artists[0].name.id
[]
boby@bob:~$ curl -s 'http://musicbrainz.org/ws/2/artist/?query=artist%3AGainsbourg&fmt=json' | jq .artists[0].name .id
jq: .id: No such file or directory
(23) Failed writing body
boby@bob:~$ curl -s 'http://musicbrainz.org/ws/2/artist/?query=artist%3AGainsbourg&fmt=json' | jq .artists[0].name,id
error: id is not defined
.artists[0].name,id                 1 compile error
(23) Failed writing body
boby@bob:~$ curl -s 'http://musicbrainz.org/ws/2/artist/?query=artist%3AGainsbourg&fmt=json' | jq .artists[0].name|.id
-bash: .id: command not found
boby@bob:~$ curl -s 'http://musicbrainz.org/ws/2/artist/?query=artist%3AGainsbourg&fmt=json' | jq .artists[0].{name,id{}
error: syntax error, unexpected '{', expecting FORMAT or QQSTRING_START
.artists[0].{name,id{}            1 compile error
(23) Failed writing body
boby@bob:~$ curl -s 'http://musicbrainz.org/ws/2/artist/?query=artist%3AGainsbourg&fmt=json' | jq .artists[0].{name,id}
jq: .artists[0].id: No such file or directory
(23) Failed writing body
boby@bob:~$ curl -s 'http://musicbrainz.org/ws/2/artist/?query=artist%3AGainsbourg&fmt=json' | jq .artists[0]
{
  "id": "b21ef19b-c6aa-4775-90d3-3cc3e067ce6d",
  "type": "Person",
  "score": "100",
  "name": "Serge Gainsbourg",
  "sort-name": "Gainsbourg, Serge",
  "gender": "male",
  "country": "FR",
  "area": {
    "id": "08310658-51eb-3801-80de-5a0739207115",
    "name": "France",
    "sort-name": "France"
  },
  "begin-area": {
    "id": "dc10c22b-e510-4006-8b7f-fecb4f36436e",
    "name": "Paris",
    "sort-name": "Paris"
  },
  "end-area": {
    "id": "dc10c22b-e510-4006-8b7f-fecb4f36436e",
    "name": "Paris",
    "sort-name": "Paris"
  },
  "ipis": [
    "00011123948"
  ],
  "life-span": {
    "begin": "1928-04-02",
    "end": "1991-03-02",
    "ended": true
  },
  "aliases": [
    {
      "sort-name": "Ginsburg, Lucien",
      "name": "Lucien Ginsburg",
      "locale": null,
      "type": "Legal name",
      "primary": null,
      "begin-date": null,
      "end-date": null
    },
    {
      "sort-name": "S. Gainsbourg",
      "name": "S. Gainsbourg",
      "locale": null,
      "type": null,
      "primary": null,
      "begin-date": null,
      "end-date": null
    }
  ],
  "tags": [
    {
      "count": 1,
      "name": "c’était mieux avant"
    },
    {
      "count": 1,
      "name": "european"
    },
    {
      "count": 3,
      "name": "french"
    },
    {
      "count": 1,
      "name": "french rock"
    },
    {
      "count": 2,
      "name": "chanson"
    },
    {
      "count": 1,
      "name": "jazz"
    },
    {
      "count": 2,
      "name": "french pop"
    },
    {
      "count": 1,
      "name": "eurovision"
    },
    {
      "count": 1,
      "name": "reggae"
    },
    {
      "count": 1,
      "name": "rock"
    },
    {
      "count": 1,
      "name": "rock and indie"
    },
    {
      "count": 1,
      "name": "initials b.b."
    },
    {
      "count": 1,
      "name": "soundtracks"
    },
    {
      "count": 1,
      "name": "tous"
    }
  ]
}
boby@bob:~$ curl -s 'http://musicbrainz.org/ws/2/artist/?query=artist%3AGainsbourg&fmt=json' | jq .artists[0].name,.id
"Serge Gainsbourg"
null
boby@bob:~$ curl -s 'http://musicbrainz.org/ws/2/artist/?query=artist%3AGainsbourg&fmt=json' | jq .artists[0].name,id
error: id is not defined
.artists[0].name,id                 1 compile error
(23) Failed writing body
boby@bob:~$ curl -s 'http://musicbrainz.org/ws/2/artist/?query=artist%3AGainsbourg&fmt=json' | jq .artists[0].name,.id
"Serge Gainsbourg"
null
boby@bob:~$ curl -s 'http://musicbrainz.org/ws/2/artist/?query=artist%3AGainsbourg&fmt=json' | jq '.artists[0].name, .id'
"Serge Gainsbourg"
null
boby@bob:~$ curl -s 'http://musicbrainz.org/ws/2/artist/?query=artist%3AGainsbourg&fmt=json' | jq '.artists[0] | .name, .id'
"Serge Gainsbourg"
"b21ef19b-c6aa-4775-90d3-3cc3e067ce6d"
boby@bob:~$ curl -s 'http://musicbrainz.org/ws/2/artist/?query=artist%3AGainsbourg&fmt=json' | jq '.artists[0] | .name .id'
[]
boby@bob:~$ curl -s 'http://musicbrainz.org/ws/2/artist/?query=artist%3AGainsbourg&fmt=json' | jq '.artists[0] | .name, .id'
"Serge Gainsbourg"
"b21ef19b-c6aa-4775-90d3-3cc3e067ce6d"
boby@bob:~$ curl -s 'http://musicbrainz.org/ws/2/artist/?query=artist%3AGainsbourg&fmt=json' | jq '.artists[1] | .name, .id'
"Charlotte Gainsbourg"
"6efa29c6-9995-48e0-9eaf-3809464a39a7"
boby@bob:~$ curl -s 'http://musicbrainz.org/ws/2/artist/?query=artist%3AGainsbourg&fmt=json' | jq '.artists[0] | .name, .id'
"Serge Gainsbourg"
"b21ef19b-c6aa-4775-90d3-3cc3e067ce6d"
boby@bob:~$ curl -s 'http://musicbrainz.org/ws/2/artist/?query=artist%3Ajohnny%20haliday&fmt=json' | jq '.artists[0] | .name, .id'
"Marc Haliday"
"48658bfd-97e3-425f-8512-33cb9a756056"
boby@bob:~$ curl -s 'http://musicbrainz.org/ws/2/artist/?query=artist%3Amickael%20jackson&fmt=json' | jq '.artists[0] | .name, .id'
"Jackson"
"7573c9f4-14e7-4ae2-aca4-b64b58643d80"
boby@bob:~$ curl -s 'http://musicbrainz.org/ws/2/artist/?query=artist%3Adaftpunk&fmt=json' | jq '.artists[0] | .name, .id'
null
null
boby@bob:~$ curl -s 'http://musicbrainz.org/ws/2/artist/?query=artist%3Adaft punk&fmt=json' | jq '.artists[0] | .name, .id'
parse error: Invalid numeric literal at line 1, column 4
boby@bob:~$ curl -s 'http://musicbrainz.org/ws/2/artist/?query=artist%3Adaft%20punk&fmt=json' | jq '.artists[0] | .name, .id'
"Daft Punk"
"056e4f3e-d505-4dad-8ec1-d04f521cbb56"
boby@bob:~$ curl -s 'http://musicbrainz.org/ws/2/artist/?query=artist%3Afirst%20aid%20kit&fmt=json' | jq '.artists[0] | .name, .id'
"First Aid Kit"
"373faa02-74d7-4b1d-9b47-7574ad510f8d"
boby@bob:~$ curl -s 'http://musicbrainz.org/ws/2/artist/?query=artist%3Afirst%20aid%20kit&fmt=json' | jq '.artists'
[
  {
    "id": "373faa02-74d7-4b1d-9b47-7574ad510f8d",
    "type": "Group",
    "score": "100",
    "name": "First Aid Kit",
    "sort-name": "First Aid Kit",
    "country": "SE",
    "area": {
      "id": "23d10872-f5ae-3f0c-bf55-332788a16ecb",
      "name": "Sweden",
      "sort-name": "Sweden"
    },
    "disambiguation": "Swedish folk band",
    "life-span": {
      "begin": "2007",
      "ended": null
    },
    "tags": [
      {
        "count": 1,
        "name": "remember"
      }
    ]
  },
  {
    "id": "e4466078-fb0f-4899-98a2-7c7dfeb14714",
    "type": "Group",
    "score": "100",
    "name": "First Aid Kit",
    "sort-name": "First Aid Kit",
    "country": "ES",
    "area": {
      "id": "471c46a7-afc5-31c4-923c-d0444f5053a4",
      "name": "Spain",
      "sort-name": "Spain"
    },
    "disambiguation": "Spanish indie electronic band",
    "life-span": {
      "ended": null
    }
  },
  {
    "id": "5bb6d8b6-dcd8-46e0-84dc-5a0d927c8475",
    "type": "Group",
    "score": "48",
    "name": "First Aid",
    "sort-name": "First Aid",
    "country": "RU",
    "area": {
      "id": "1f1fc3a4-9500-39b8-9f10-f0a465557eef",
      "name": "Russia",
      "sort-name": "Russia"
    },
    "disambiguation": "Russian metal",
    "life-span": {
      "ended": null
    }
  },
  {
    "id": "3266ea60-5690-464a-ae67-27c8681a9723",
    "type": "Person",
    "score": "48",
    "name": "FIRST AID",
    "sort-name": "FIRST AID",
    "gender": "male",
    "country": "KR",
    "area": {
      "id": "b9f7d640-46e8-313e-b158-ded6d18593b3",
      "name": "South Korea",
      "sort-name": "South Korea"
    },
    "disambiguation": "Korean person",
    "life-span": {
      "ended": null
    }
  },
  {
    "id": "93d871dc-38f4-442e-8292-db7d670794ea",
    "type": "Group",
    "score": "48",
    "name": "First Aid",
    "sort-name": "First Aid",
    "country": "EE",
    "area": {
      "id": "e1c1215f-dcc0-35b4-b840-d2ca2151593b",
      "name": "Estonia",
      "sort-name": "Estonia"
    },
    "disambiguation": "Estonian band",
    "life-span": {
      "ended": null
    }
  },
  {
    "id": "268d84a6-620a-4a87-b467-d2236f9264b6",
    "type": "Group",
    "score": "48",
    "name": "First Aid",
    "sort-name": "First Aid",
    "country": "AT",
    "area": {
      "id": "caac77d1-a5c8-3e6e-8e27-90b44dcc1446",
      "name": "Austria",
      "sort-name": "Austria"
    },
    "begin-area": {
      "id": "caac77d1-a5c8-3e6e-8e27-90b44dcc1446",
      "name": "Austria",
      "sort-name": "Austria"
    },
    "disambiguation": "Austrian Rockband",
    "life-span": {
      "begin": "2000",
      "ended": null
    }
  },
  {
    "id": "3dae6add-712f-4592-8ece-da15d02ec943",
    "score": "48",
    "name": "First Aid",
    "sort-name": "First Aid",
    "disambiguation": "featured on “Stay the Night” by Kuts & Mouse",
    "life-span": {
      "ended": null
    }
  },
  {
    "id": "c3eee377-bfd1-49fa-906c-7562db86a45d",
    "type": "Group",
    "score": "38",
    "name": "The First Aid",
    "sort-name": "First Aid, The",
    "life-span": {
      "ended": null
    }
  },
  {
    "id": "612e0dcb-2b47-4feb-ad34-6259433de61d",
    "score": "38",
    "name": "First Aid 4 Souls",
    "sort-name": "First Aid 4 Souls",
    "life-span": {
      "ended": null
    }
  },
  {
    "id": "fbf39528-f7a1-491d-a5d4-94df61f88ad9",
    "score": "38",
    "name": "DJ First Aid",
    "sort-name": "DJ First Aid",
    "life-span": {
      "ended": null
    }
  },
  {
    "id": "97b182ff-5f86-451c-b2b4-27840b7d512a",
    "score": "35",
    "name": "First Aid",
    "sort-name": "First Aid",
    "disambiguation": "Germany",
    "life-span": {
      "ended": null
    }
  },
  {
    "id": "ae609ba9-5df4-4ef4-aa4a-18805397ef24",
    "type": "Person",
    "score": "31",
    "name": "Aíd",
    "sort-name": "Aíd",
    "life-span": {
      "begin": "1990",
      "ended": null
    }
  },
  {
    "id": "ed6459f1-257f-433a-85c1-970b2fbbc0af",
    "score": "28",
    "name": "K.I.T.",
    "sort-name": "K.I.T.",
    "life-span": {
      "ended": null
    }
  },
  {
    "id": "2b1895a9-6906-4700-b0ed-98561cb58474",
    "type": "Person",
    "score": "28",
    "name": "Kit",
    "sort-name": "Kit",
    "life-span": {
      "ended": null
    }
  },
  {
    "id": "b199b386-e0b1-4137-9faa-c9bc09b1eda4",
    "score": "28",
    "name": "Kit",
    "sort-name": "Kit",
    "disambiguation": "Kit Fegradoe - UK ambient/electronic artist",
    "life-span": {
      "ended": null
    }
  },
  {
    "id": "2d1caf76-ccd5-4cbc-a1b0-c36186c81c15",
    "type": "Group",
    "score": "28",
    "name": "KIT",
    "sort-name": "KIT",
    "country": "FR",
    "area": {
      "id": "08310658-51eb-3801-80de-5a0739207115",
      "name": "France",
      "sort-name": "France"
    },
    "disambiguation": "Paris electro-pop trio",
    "life-span": {
      "ended": null
    }
  },
  {
    "id": "ede72177-00cd-4ddf-b04b-1b7c754fed79",
    "type": "Group",
    "score": "26",
    "name": "KIT",
    "sort-name": "KIT",
    "disambiguation": "George Chen, Vice Cooler",
    "life-span": {
      "begin": "2003",
      "ended": null
    }
  },
  {
    "id": "590233d0-5ab2-4a67-8f43-a647c2100bdc",
    "type": "Group",
    "score": "20",
    "name": "Ferry Aid",
    "sort-name": "Ferry Aid",
    "life-span": {
      "begin": "1987",
      "end": "1987",
      "ended": true
    },
    "aliases": [
      {
        "sort-name": "Ferry Aid (Zeebrugge)",
        "name": "Ferry Aid (Zeebrugge)",
        "locale": null,
        "type": null,
        "primary": null,
        "begin-date": null,
        "end-date": null
      }
    ]
  },
  {
    "id": "0ecaa896-58fa-4dca-b53d-8da7bc5f59c5",
    "type": "Group",
    "score": "19",
    "name": "Band Aid",
    "sort-name": "Band Aid",
    "life-span": {
      "begin": "1984",
      "ended": null
    },
    "tags": [
      {
        "count": 1,
        "name": "british"
      }
    ]
  },
  {
    "id": "d8e4fd9f-0a1b-4dbe-9ea6-8352d885fd84",
    "type": "Person",
    "score": "19",
    "name": "Peter Aid",
    "sort-name": "Aid, Peter",
    "gender": "male",
    "life-span": {
      "ended": null
    }
  },
  {
    "id": "d74731bd-79aa-4452-876d-b25d5c78b0b2",
    "score": "19",
    "name": "Quench Aid",
    "sort-name": "Quench Aid",
    "life-span": {
      "ended": null
    }
  },
  {
    "id": "d31ee795-51b3-4213-81ff-ea521f988d28",
    "score": "19",
    "name": "Hearin Aid",
    "sort-name": "Hearin Aid",
    "life-span": {
      "ended": null
    }
  },
  {
    "id": "375093c9-b20a-4955-80d1-e84fbacf4a6b",
    "score": "19",
    "name": "Kool Aid",
    "sort-name": "Kool Aid",
    "life-span": {
      "ended": null
    }
  },
  {
    "id": "d2559845-4898-458e-aacf-6392ef92dc19",
    "score": "19",
    "name": "Mint-Aid",
    "sort-name": "Mint-Aid",
    "life-span": {
      "ended": null
    }
  },
  {
    "id": "7fe6ce13-78e4-4dc0-9820-aa2f4acd844a",
    "score": "19",
    "name": "Punk Aid",
    "sort-name": "Punk Aid",
    "life-span": {
      "ended": null
    }
  }
]
boby@bob:~$ curl -s 'http://musicbrainz.org/ws/2/artist/?query=artist%3Afirst%20aid%20kit&fmt=json' | jq '.artists[]'
{
  "id": "373faa02-74d7-4b1d-9b47-7574ad510f8d",
  "type": "Group",
  "score": "100",
  "name": "First Aid Kit",
  "sort-name": "First Aid Kit",
  "country": "SE",
  "area": {
    "id": "23d10872-f5ae-3f0c-bf55-332788a16ecb",
    "name": "Sweden",
    "sort-name": "Sweden"
  },
  "disambiguation": "Swedish folk band",
  "life-span": {
    "begin": "2007",
    "ended": null
  },
  "tags": [
    {
      "count": 1,
      "name": "remember"
    }
  ]
}
{
  "id": "e4466078-fb0f-4899-98a2-7c7dfeb14714",
  "type": "Group",
  "score": "100",
  "name": "First Aid Kit",
  "sort-name": "First Aid Kit",
  "country": "ES",
  "area": {
    "id": "471c46a7-afc5-31c4-923c-d0444f5053a4",
    "name": "Spain",
    "sort-name": "Spain"
  },
  "disambiguation": "Spanish indie electronic band",
  "life-span": {
    "ended": null
  }
}
{
  "id": "5bb6d8b6-dcd8-46e0-84dc-5a0d927c8475",
  "type": "Group",
  "score": "48",
  "name": "First Aid",
  "sort-name": "First Aid",
  "country": "RU",
  "area": {
    "id": "1f1fc3a4-9500-39b8-9f10-f0a465557eef",
    "name": "Russia",
    "sort-name": "Russia"
  },
  "disambiguation": "Russian metal",
  "life-span": {
    "ended": null
  }
}
{
  "id": "3266ea60-5690-464a-ae67-27c8681a9723",
  "type": "Person",
  "score": "48",
  "name": "FIRST AID",
  "sort-name": "FIRST AID",
  "gender": "male",
  "country": "KR",
  "area": {
    "id": "b9f7d640-46e8-313e-b158-ded6d18593b3",
    "name": "South Korea",
    "sort-name": "South Korea"
  },
  "disambiguation": "Korean person",
  "life-span": {
    "ended": null
  }
}
{
  "id": "93d871dc-38f4-442e-8292-db7d670794ea",
  "type": "Group",
  "score": "48",
  "name": "First Aid",
  "sort-name": "First Aid",
  "country": "EE",
  "area": {
    "id": "e1c1215f-dcc0-35b4-b840-d2ca2151593b",
    "name": "Estonia",
    "sort-name": "Estonia"
  },
  "disambiguation": "Estonian band",
  "life-span": {
    "ended": null
  }
}
{
  "id": "268d84a6-620a-4a87-b467-d2236f9264b6",
  "type": "Group",
  "score": "48",
  "name": "First Aid",
  "sort-name": "First Aid",
  "country": "AT",
  "area": {
    "id": "caac77d1-a5c8-3e6e-8e27-90b44dcc1446",
    "name": "Austria",
    "sort-name": "Austria"
  },
  "begin-area": {
    "id": "caac77d1-a5c8-3e6e-8e27-90b44dcc1446",
    "name": "Austria",
    "sort-name": "Austria"
  },
  "disambiguation": "Austrian Rockband",
  "life-span": {
    "begin": "2000",
    "ended": null
  }
}
{
  "id": "3dae6add-712f-4592-8ece-da15d02ec943",
  "score": "48",
  "name": "First Aid",
  "sort-name": "First Aid",
  "disambiguation": "featured on “Stay the Night” by Kuts & Mouse",
  "life-span": {
    "ended": null
  }
}
{
  "id": "c3eee377-bfd1-49fa-906c-7562db86a45d",
  "type": "Group",
  "score": "38",
  "name": "The First Aid",
  "sort-name": "First Aid, The",
  "life-span": {
    "ended": null
  }
}
{
  "id": "612e0dcb-2b47-4feb-ad34-6259433de61d",
  "score": "38",
  "name": "First Aid 4 Souls",
  "sort-name": "First Aid 4 Souls",
  "life-span": {
    "ended": null
  }
}
{
  "id": "fbf39528-f7a1-491d-a5d4-94df61f88ad9",
  "score": "38",
  "name": "DJ First Aid",
  "sort-name": "DJ First Aid",
  "life-span": {
    "ended": null
  }
}
{
  "id": "97b182ff-5f86-451c-b2b4-27840b7d512a",
  "score": "35",
  "name": "First Aid",
  "sort-name": "First Aid",
  "disambiguation": "Germany",
  "life-span": {
    "ended": null
  }
}
{
  "id": "ae609ba9-5df4-4ef4-aa4a-18805397ef24",
  "type": "Person",
  "score": "31",
  "name": "Aíd",
  "sort-name": "Aíd",
  "life-span": {
    "begin": "1990",
    "ended": null
  }
}
{
  "id": "ed6459f1-257f-433a-85c1-970b2fbbc0af",
  "score": "28",
  "name": "K.I.T.",
  "sort-name": "K.I.T.",
  "life-span": {
    "ended": null
  }
}
{
  "id": "2b1895a9-6906-4700-b0ed-98561cb58474",
  "type": "Person",
  "score": "28",
  "name": "Kit",
  "sort-name": "Kit",
  "life-span": {
    "ended": null
  }
}
{
  "id": "b199b386-e0b1-4137-9faa-c9bc09b1eda4",
  "score": "28",
  "name": "Kit",
  "sort-name": "Kit",
  "disambiguation": "Kit Fegradoe - UK ambient/electronic artist",
  "life-span": {
    "ended": null
  }
}
{
  "id": "2d1caf76-ccd5-4cbc-a1b0-c36186c81c15",
  "type": "Group",
  "score": "28",
  "name": "KIT",
  "sort-name": "KIT",
  "country": "FR",
  "area": {
    "id": "08310658-51eb-3801-80de-5a0739207115",
    "name": "France",
    "sort-name": "France"
  },
  "disambiguation": "Paris electro-pop trio",
  "life-span": {
    "ended": null
  }
}
{
  "id": "ede72177-00cd-4ddf-b04b-1b7c754fed79",
  "type": "Group",
  "score": "26",
  "name": "KIT",
  "sort-name": "KIT",
  "disambiguation": "George Chen, Vice Cooler",
  "life-span": {
    "begin": "2003",
    "ended": null
  }
}
{
  "id": "590233d0-5ab2-4a67-8f43-a647c2100bdc",
  "type": "Group",
  "score": "20",
  "name": "Ferry Aid",
  "sort-name": "Ferry Aid",
  "life-span": {
    "begin": "1987",
    "end": "1987",
    "ended": true
  },
  "aliases": [
    {
      "sort-name": "Ferry Aid (Zeebrugge)",
      "name": "Ferry Aid (Zeebrugge)",
      "locale": null,
      "type": null,
      "primary": null,
      "begin-date": null,
      "end-date": null
    }
  ]
}
{
  "id": "0ecaa896-58fa-4dca-b53d-8da7bc5f59c5",
  "type": "Group",
  "score": "19",
  "name": "Band Aid",
  "sort-name": "Band Aid",
  "life-span": {
    "begin": "1984",
    "ended": null
  },
  "tags": [
    {
      "count": 1,
      "name": "british"
    }
  ]
}
{
  "id": "d8e4fd9f-0a1b-4dbe-9ea6-8352d885fd84",
  "type": "Person",
  "score": "19",
  "name": "Peter Aid",
  "sort-name": "Aid, Peter",
  "gender": "male",
  "life-span": {
    "ended": null
  }
}
{
  "id": "d74731bd-79aa-4452-876d-b25d5c78b0b2",
  "score": "19",
  "name": "Quench Aid",
  "sort-name": "Quench Aid",
  "life-span": {
    "ended": null
  }
}
{
  "id": "d31ee795-51b3-4213-81ff-ea521f988d28",
  "score": "19",
  "name": "Hearin Aid",
  "sort-name": "Hearin Aid",
  "life-span": {
    "ended": null
  }
}
{
  "id": "375093c9-b20a-4955-80d1-e84fbacf4a6b",
  "score": "19",
  "name": "Kool Aid",
  "sort-name": "Kool Aid",
  "life-span": {
    "ended": null
  }
}
{
  "id": "d2559845-4898-458e-aacf-6392ef92dc19",
  "score": "19",
  "name": "Mint-Aid",
  "sort-name": "Mint-Aid",
  "life-span": {
    "ended": null
  }
}
{
  "id": "7fe6ce13-78e4-4dc0-9820-aa2f4acd844a",
  "score": "19",
  "name": "Punk Aid",
  "sort-name": "Punk Aid",
  "life-span": {
    "ended": null
  }
}
boby@bob:~$ curl -s 'http://musicbrainz.org/ws/2/artist/?query=artist%3Afirst%20aid%20kit&fmt=json' | jq '.artists[].len'
null
null
null
null
null
null
null
null
null
null
null
null
null
null
null
null
null
null
null
null
null
null
null
null
null
boby@bob:~$ curl -s 'http://musicbrainz.org/ws/2/artist/?query=artist%3Afirst%20aid%20kit&fmt=json' | jq '.artists[] length'
error: syntax error, unexpected IDENT, expecting $end
.artists[] length           1 compile error
(23) Failed writing body
boby@bob:~$ curl -s 'http://musicbrainz.org/ws/2/artist/?query=artist%3Afirst%20aid%20kit&fmt=json' | jq '.artists[] |length'
10
9
9
10
9
10
6
6
5
5
6
6
5
6
6
9
7
7
7
7
5
5
5
5
5
boby@bob:~$ curl -s 'http://musicbrainz.org/ws/2/artist/?query=artist%3Afirst%20aid%20kit&fmt=json' | jq '.artists[] '
{
  "id": "373faa02-74d7-4b1d-9b47-7574ad510f8d",
  "type": "Group",
  "score": "100",
  "name": "First Aid Kit",
  "sort-name": "First Aid Kit",
  "country": "SE",
  "area": {
    "id": "23d10872-f5ae-3f0c-bf55-332788a16ecb",
    "name": "Sweden",
    "sort-name": "Sweden"
  },
  "disambiguation": "Swedish folk band",
  "life-span": {
    "begin": "2007",
    "ended": null
  },
  "tags": [
    {
      "count": 1,
      "name": "remember"
    }
  ]
}
{
  "id": "e4466078-fb0f-4899-98a2-7c7dfeb14714",
  "type": "Group",
  "score": "100",
  "name": "First Aid Kit",
  "sort-name": "First Aid Kit",
  "country": "ES",
  "area": {
    "id": "471c46a7-afc5-31c4-923c-d0444f5053a4",
    "name": "Spain",
    "sort-name": "Spain"
  },
  "disambiguation": "Spanish indie electronic band",
  "life-span": {
    "ended": null
  }
}
{
  "id": "5bb6d8b6-dcd8-46e0-84dc-5a0d927c8475",
  "type": "Group",
  "score": "48",
  "name": "First Aid",
  "sort-name": "First Aid",
  "country": "RU",
  "area": {
    "id": "1f1fc3a4-9500-39b8-9f10-f0a465557eef",
    "name": "Russia",
    "sort-name": "Russia"
  },
  "disambiguation": "Russian metal",
  "life-span": {
    "ended": null
  }
}
{
  "id": "3266ea60-5690-464a-ae67-27c8681a9723",
  "type": "Person",
  "score": "48",
  "name": "FIRST AID",
  "sort-name": "FIRST AID",
  "gender": "male",
  "country": "KR",
  "area": {
    "id": "b9f7d640-46e8-313e-b158-ded6d18593b3",
    "name": "South Korea",
    "sort-name": "South Korea"
  },
  "disambiguation": "Korean person",
  "life-span": {
    "ended": null
  }
}
{
  "id": "93d871dc-38f4-442e-8292-db7d670794ea",
  "type": "Group",
  "score": "48",
  "name": "First Aid",
  "sort-name": "First Aid",
  "country": "EE",
  "area": {
    "id": "e1c1215f-dcc0-35b4-b840-d2ca2151593b",
    "name": "Estonia",
    "sort-name": "Estonia"
  },
  "disambiguation": "Estonian band",
  "life-span": {
    "ended": null
  }
}
{
  "id": "268d84a6-620a-4a87-b467-d2236f9264b6",
  "type": "Group",
  "score": "48",
  "name": "First Aid",
  "sort-name": "First Aid",
  "country": "AT",
  "area": {
    "id": "caac77d1-a5c8-3e6e-8e27-90b44dcc1446",
    "name": "Austria",
    "sort-name": "Austria"
  },
  "begin-area": {
    "id": "caac77d1-a5c8-3e6e-8e27-90b44dcc1446",
    "name": "Austria",
    "sort-name": "Austria"
  },
  "disambiguation": "Austrian Rockband",
  "life-span": {
    "begin": "2000",
    "ended": null
  }
}
{
  "id": "3dae6add-712f-4592-8ece-da15d02ec943",
  "score": "48",
  "name": "First Aid",
  "sort-name": "First Aid",
  "disambiguation": "featured on “Stay the Night” by Kuts & Mouse",
  "life-span": {
    "ended": null
  }
}
{
  "id": "c3eee377-bfd1-49fa-906c-7562db86a45d",
  "type": "Group",
  "score": "38",
  "name": "The First Aid",
  "sort-name": "First Aid, The",
  "life-span": {
    "ended": null
  }
}
{
  "id": "612e0dcb-2b47-4feb-ad34-6259433de61d",
  "score": "38",
  "name": "First Aid 4 Souls",
  "sort-name": "First Aid 4 Souls",
  "life-span": {
    "ended": null
  }
}
{
  "id": "fbf39528-f7a1-491d-a5d4-94df61f88ad9",
  "score": "38",
  "name": "DJ First Aid",
  "sort-name": "DJ First Aid",
  "life-span": {
    "ended": null
  }
}
{
  "id": "97b182ff-5f86-451c-b2b4-27840b7d512a",
  "score": "35",
  "name": "First Aid",
  "sort-name": "First Aid",
  "disambiguation": "Germany",
  "life-span": {
    "ended": null
  }
}
{
  "id": "ae609ba9-5df4-4ef4-aa4a-18805397ef24",
  "type": "Person",
  "score": "31",
  "name": "Aíd",
  "sort-name": "Aíd",
  "life-span": {
    "begin": "1990",
    "ended": null
  }
}
{
  "id": "ed6459f1-257f-433a-85c1-970b2fbbc0af",
  "score": "28",
  "name": "K.I.T.",
  "sort-name": "K.I.T.",
  "life-span": {
    "ended": null
  }
}
{
  "id": "2b1895a9-6906-4700-b0ed-98561cb58474",
  "type": "Person",
  "score": "28",
  "name": "Kit",
  "sort-name": "Kit",
  "life-span": {
    "ended": null
  }
}
{
  "id": "b199b386-e0b1-4137-9faa-c9bc09b1eda4",
  "score": "28",
  "name": "Kit",
  "sort-name": "Kit",
  "disambiguation": "Kit Fegradoe - UK ambient/electronic artist",
  "life-span": {
    "ended": null
  }
}
{
  "id": "2d1caf76-ccd5-4cbc-a1b0-c36186c81c15",
  "type": "Group",
  "score": "28",
  "name": "KIT",
  "sort-name": "KIT",
  "country": "FR",
  "area": {
    "id": "08310658-51eb-3801-80de-5a0739207115",
    "name": "France",
    "sort-name": "France"
  },
  "disambiguation": "Paris electro-pop trio",
  "life-span": {
    "ended": null
  }
}
{
  "id": "ede72177-00cd-4ddf-b04b-1b7c754fed79",
  "type": "Group",
  "score": "26",
  "name": "KIT",
  "sort-name": "KIT",
  "disambiguation": "George Chen, Vice Cooler",
  "life-span": {
    "begin": "2003",
    "ended": null
  }
}
{
  "id": "590233d0-5ab2-4a67-8f43-a647c2100bdc",
  "type": "Group",
  "score": "20",
  "name": "Ferry Aid",
  "sort-name": "Ferry Aid",
  "life-span": {
    "begin": "1987",
    "end": "1987",
    "ended": true
  },
  "aliases": [
    {
      "sort-name": "Ferry Aid (Zeebrugge)",
      "name": "Ferry Aid (Zeebrugge)",
      "locale": null,
      "type": null,
      "primary": null,
      "begin-date": null,
      "end-date": null
    }
  ]
}
{
  "id": "0ecaa896-58fa-4dca-b53d-8da7bc5f59c5",
  "type": "Group",
  "score": "19",
  "name": "Band Aid",
  "sort-name": "Band Aid",
  "life-span": {
    "begin": "1984",
    "ended": null
  },
  "tags": [
    {
      "count": 1,
      "name": "british"
    }
  ]
}
{
  "id": "d8e4fd9f-0a1b-4dbe-9ea6-8352d885fd84",
  "type": "Person",
  "score": "19",
  "name": "Peter Aid",
  "sort-name": "Aid, Peter",
  "gender": "male",
  "life-span": {
    "ended": null
  }
}
{
  "id": "d74731bd-79aa-4452-876d-b25d5c78b0b2",
  "score": "19",
  "name": "Quench Aid",
  "sort-name": "Quench Aid",
  "life-span": {
    "ended": null
  }
}
{
  "id": "d31ee795-51b3-4213-81ff-ea521f988d28",
  "score": "19",
  "name": "Hearin Aid",
  "sort-name": "Hearin Aid",
  "life-span": {
    "ended": null
  }
}
{
  "id": "375093c9-b20a-4955-80d1-e84fbacf4a6b",
  "score": "19",
  "name": "Kool Aid",
  "sort-name": "Kool Aid",
  "life-span": {
    "ended": null
  }
}
{
  "id": "d2559845-4898-458e-aacf-6392ef92dc19",
  "score": "19",
  "name": "Mint-Aid",
  "sort-name": "Mint-Aid",
  "life-span": {
    "ended": null
  }
}
{
  "id": "7fe6ce13-78e4-4dc0-9820-aa2f4acd844a",
  "score": "19",
  "name": "Punk Aid",
  "sort-name": "Punk Aid",
  "life-span": {
    "ended": null
  }
}
boby@bob:~$ curl -s 'http://musicbrainz.org/ws/2/artist/?query=artist%3Afirst%20aid%20kit&fmt=json' | jq '. '
{
  "created": "2015-05-14T19:09:53.87Z",
  "count": 372,
  "offset": 0,
  "artists": [
    {
      "id": "373faa02-74d7-4b1d-9b47-7574ad510f8d",
      "type": "Group",
      "score": "100",
      "name": "First Aid Kit",
      "sort-name": "First Aid Kit",
      "country": "SE",
      "area": {
        "id": "23d10872-f5ae-3f0c-bf55-332788a16ecb",
        "name": "Sweden",
        "sort-name": "Sweden"
      },
      "disambiguation": "Swedish folk band",
      "life-span": {
        "begin": "2007",
        "ended": null
      },
      "tags": [
        {
          "count": 1,
          "name": "remember"
        }
      ]
    },
    {
      "id": "e4466078-fb0f-4899-98a2-7c7dfeb14714",
      "type": "Group",
      "score": "100",
      "name": "First Aid Kit",
      "sort-name": "First Aid Kit",
      "country": "ES",
      "area": {
        "id": "471c46a7-afc5-31c4-923c-d0444f5053a4",
        "name": "Spain",
        "sort-name": "Spain"
      },
      "disambiguation": "Spanish indie electronic band",
      "life-span": {
        "ended": null
      }
    },
    {
      "id": "5bb6d8b6-dcd8-46e0-84dc-5a0d927c8475",
      "type": "Group",
      "score": "48",
      "name": "First Aid",
      "sort-name": "First Aid",
      "country": "RU",
      "area": {
        "id": "1f1fc3a4-9500-39b8-9f10-f0a465557eef",
        "name": "Russia",
        "sort-name": "Russia"
      },
      "disambiguation": "Russian metal",
      "life-span": {
        "ended": null
      }
    },
    {
      "id": "3266ea60-5690-464a-ae67-27c8681a9723",
      "type": "Person",
      "score": "48",
      "name": "FIRST AID",
      "sort-name": "FIRST AID",
      "gender": "male",
      "country": "KR",
      "area": {
        "id": "b9f7d640-46e8-313e-b158-ded6d18593b3",
        "name": "South Korea",
        "sort-name": "South Korea"
      },
      "disambiguation": "Korean person",
      "life-span": {
        "ended": null
      }
    },
    {
      "id": "93d871dc-38f4-442e-8292-db7d670794ea",
      "type": "Group",
      "score": "48",
      "name": "First Aid",
      "sort-name": "First Aid",
      "country": "EE",
      "area": {
        "id": "e1c1215f-dcc0-35b4-b840-d2ca2151593b",
        "name": "Estonia",
        "sort-name": "Estonia"
      },
      "disambiguation": "Estonian band",
      "life-span": {
        "ended": null
      }
    },
    {
      "id": "268d84a6-620a-4a87-b467-d2236f9264b6",
      "type": "Group",
      "score": "48",
      "name": "First Aid",
      "sort-name": "First Aid",
      "country": "AT",
      "area": {
        "id": "caac77d1-a5c8-3e6e-8e27-90b44dcc1446",
        "name": "Austria",
        "sort-name": "Austria"
      },
      "begin-area": {
        "id": "caac77d1-a5c8-3e6e-8e27-90b44dcc1446",
        "name": "Austria",
        "sort-name": "Austria"
      },
      "disambiguation": "Austrian Rockband",
      "life-span": {
        "begin": "2000",
        "ended": null
      }
    },
    {
      "id": "3dae6add-712f-4592-8ece-da15d02ec943",
      "score": "48",
      "name": "First Aid",
      "sort-name": "First Aid",
      "disambiguation": "featured on “Stay the Night” by Kuts & Mouse",
      "life-span": {
        "ended": null
      }
    },
    {
      "id": "c3eee377-bfd1-49fa-906c-7562db86a45d",
      "type": "Group",
      "score": "38",
      "name": "The First Aid",
      "sort-name": "First Aid, The",
      "life-span": {
        "ended": null
      }
    },
    {
      "id": "612e0dcb-2b47-4feb-ad34-6259433de61d",
      "score": "38",
      "name": "First Aid 4 Souls",
      "sort-name": "First Aid 4 Souls",
      "life-span": {
        "ended": null
      }
    },
    {
      "id": "fbf39528-f7a1-491d-a5d4-94df61f88ad9",
      "score": "38",
      "name": "DJ First Aid",
      "sort-name": "DJ First Aid",
      "life-span": {
        "ended": null
      }
    },
    {
      "id": "97b182ff-5f86-451c-b2b4-27840b7d512a",
      "score": "35",
      "name": "First Aid",
      "sort-name": "First Aid",
      "disambiguation": "Germany",
      "life-span": {
        "ended": null
      }
    },
    {
      "id": "ae609ba9-5df4-4ef4-aa4a-18805397ef24",
      "type": "Person",
      "score": "31",
      "name": "Aíd",
      "sort-name": "Aíd",
      "life-span": {
        "begin": "1990",
        "ended": null
      }
    },
    {
      "id": "ed6459f1-257f-433a-85c1-970b2fbbc0af",
      "score": "28",
      "name": "K.I.T.",
      "sort-name": "K.I.T.",
      "life-span": {
        "ended": null
      }
    },
    {
      "id": "2b1895a9-6906-4700-b0ed-98561cb58474",
      "type": "Person",
      "score": "28",
      "name": "Kit",
      "sort-name": "Kit",
      "life-span": {
        "ended": null
      }
    },
    {
      "id": "b199b386-e0b1-4137-9faa-c9bc09b1eda4",
      "score": "28",
      "name": "Kit",
      "sort-name": "Kit",
      "disambiguation": "Kit Fegradoe - UK ambient/electronic artist",
      "life-span": {
        "ended": null
      }
    },
    {
      "id": "2d1caf76-ccd5-4cbc-a1b0-c36186c81c15",
      "type": "Group",
      "score": "28",
      "name": "KIT",
      "sort-name": "KIT",
      "country": "FR",
      "area": {
        "id": "08310658-51eb-3801-80de-5a0739207115",
        "name": "France",
        "sort-name": "France"
      },
      "disambiguation": "Paris electro-pop trio",
      "life-span": {
        "ended": null
      }
    },
    {
      "id": "ede72177-00cd-4ddf-b04b-1b7c754fed79",
      "type": "Group",
      "score": "26",
      "name": "KIT",
      "sort-name": "KIT",
      "disambiguation": "George Chen, Vice Cooler",
      "life-span": {
        "begin": "2003",
        "ended": null
      }
    },
    {
      "id": "590233d0-5ab2-4a67-8f43-a647c2100bdc",
      "type": "Group",
      "score": "20",
      "name": "Ferry Aid",
      "sort-name": "Ferry Aid",
      "life-span": {
        "begin": "1987",
        "end": "1987",
        "ended": true
      },
      "aliases": [
        {
          "sort-name": "Ferry Aid (Zeebrugge)",
          "name": "Ferry Aid (Zeebrugge)",
          "locale": null,
          "type": null,
          "primary": null,
          "begin-date": null,
          "end-date": null
        }
      ]
    },
    {
      "id": "0ecaa896-58fa-4dca-b53d-8da7bc5f59c5",
      "type": "Group",
      "score": "19",
      "name": "Band Aid",
      "sort-name": "Band Aid",
      "life-span": {
        "begin": "1984",
        "ended": null
      },
      "tags": [
        {
          "count": 1,
          "name": "british"
        }
      ]
    },
    {
      "id": "d8e4fd9f-0a1b-4dbe-9ea6-8352d885fd84",
      "type": "Person",
      "score": "19",
      "name": "Peter Aid",
      "sort-name": "Aid, Peter",
      "gender": "male",
      "life-span": {
        "ended": null
      }
    },
    {
      "id": "d74731bd-79aa-4452-876d-b25d5c78b0b2",
      "score": "19",
      "name": "Quench Aid",
      "sort-name": "Quench Aid",
      "life-span": {
        "ended": null
      }
    },
    {
      "id": "d31ee795-51b3-4213-81ff-ea521f988d28",
      "score": "19",
      "name": "Hearin Aid",
      "sort-name": "Hearin Aid",
      "life-span": {
        "ended": null
      }
    },
    {
      "id": "375093c9-b20a-4955-80d1-e84fbacf4a6b",
      "score": "19",
      "name": "Kool Aid",
      "sort-name": "Kool Aid",
      "life-span": {
        "ended": null
      }
    },
    {
      "id": "d2559845-4898-458e-aacf-6392ef92dc19",
      "score": "19",
      "name": "Mint-Aid",
      "sort-name": "Mint-Aid",
      "life-span": {
        "ended": null
      }
    },
    {
      "id": "7fe6ce13-78e4-4dc0-9820-aa2f4acd844a",
      "score": "19",
      "name": "Punk Aid",
      "sort-name": "Punk Aid",
      "life-span": {
        "ended": null
      }
    }
  ]
}
boby@bob:~$ curl -s 'http://musicbrainz.org/ws/2/artist/?query=artist%3Afirst%20aid%20kit&fmt=json' | jq '. | length'
4
boby@bob:~$ curl -s 'http://musicbrainz.org/ws/2/artist/?query=artist%3Afirst%20aid%20kit&fmt=json' | jq '.artists[] | length'
10
9
9
10
9
10
6
6
5
5
6
6
5
6
6
9
7
7
7
7
5
5
5
5
5
boby@bob:~$ curl -s 'http://musicbrainz.org/ws/2/artist/?query=artist%3Afirst%20aid%20kit&fmt=json' | jq '.artists[] | .name'
"First Aid Kit"
"First Aid Kit"
"First Aid"
"FIRST AID"
"First Aid"
"First Aid"
"First Aid"
"The First Aid"
"First Aid 4 Souls"
"DJ First Aid"
"First Aid"
"Aíd"
"K.I.T."
"Kit"
"Kit"
"KIT"
"KIT"
"Ferry Aid"
"Band Aid"
"Peter Aid"
"Quench Aid"
"Hearin Aid"
"Kool Aid"
"Mint-Aid"
"Punk Aid"
boby@bob:~$ curl -s 'http://musicbrainz.org/ws/2/artist/?query=artist%3Afirst%20aid%20kit&fmt=json' | jq '.artists[] | .name'
"First Aid Kit"
"First Aid Kit"
"First Aid"
"FIRST AID"
"First Aid"
"First Aid"
"First Aid"
"The First Aid"
"First Aid 4 Souls"
"DJ First Aid"
"First Aid"
"Aíd"
"K.I.T."
"Kit"
"Kit"
"KIT"
"KIT"
"Ferry Aid"
"Band Aid"
"Peter Aid"
"Quench Aid"
"Hearin Aid"
"Kool Aid"
"Mint-Aid"
"Punk Aid"
boby@bob:~$ curl -s 'http://musicbrainz.org/ws/2/artist/?query=artist%3Afirst%20aid%20kit&fmt=json' | jq '.artists[] | .name'| sort
"Aíd"
"Band Aid"
"DJ First Aid"
"FIRST AID"
"Ferry Aid"
"First Aid 4 Souls"
"First Aid Kit"
"First Aid Kit"
"First Aid"
"First Aid"
"First Aid"
"First Aid"
"First Aid"
"Hearin Aid"
"K.I.T."
"KIT"
"KIT"
"Kit"
"Kit"
"Kool Aid"
"Mint-Aid"
"Peter Aid"
"Punk Aid"
"Quench Aid"
"The First Aid"
boby@bob:~$ curl -s 'http://musicbrainz.org/ws/2/artist/?query=artist%3Aqueen&fmt=json' | jq '.artists[] | .name'
"Queen"
"Queen"
"Queen"
"Queen Ida"
"Bandit Queen"
"Queen Khadeeja"
"Queen Caveat"
"Suizide Queen"
"Aline Queen"
"Nomad Queen"
"Red Queen"
"Queen Bey"
"Demon Queen"
"Shadow Queen"
"Lizard Queen"
"Queen Latifah"
"Acid Queen"
"Queen Majeeda"
"Queen Bee"
"B.B. Queen"
"Sister Queen"
"Monica Queen"
"Queen Elizabeth"
"Pearly Queen"
"Queen V"
boby@bob:~$ curl -s 'http://musicbrainz.org/ws/2/artist/?query=artist%3Aqueen&fmt=json' | jq '.artists[0]'
{
  "id": "0383dadf-2a4e-4d10-a46a-e9e041da8eb3",
  "type": "Group",
  "score": "100",
  "name": "Queen",
  "sort-name": "Queen",
  "country": "GB",
  "area": {
    "id": "8a754a16-0027-3a29-b6d7-2b40ea0481ed",
    "name": "United Kingdom",
    "sort-name": "United Kingdom"
  },
  "begin-area": {
    "id": "f03d09b3-39dc-4083-afd6-159e3f0d462f",
    "name": "London",
    "sort-name": "London"
  },
  "disambiguation": "UK rock group",
  "life-span": {
    "begin": "1970-06-27",
    "ended": null
  },
  "aliases": [
    {
      "sort-name": "Queen + Adam Lambert",
      "name": "Queen + Adam Lambert",
      "locale": null,
      "type": null,
      "primary": null,
      "begin-date": "2011",
      "end-date": null
    },
    {
      "sort-name": "Queen + Paul Rodgers",
      "name": "Queen + Paul Rodgers",
      "locale": null,
      "type": null,
      "primary": null,
      "begin-date": "2004",
      "end-date": "2009"
    },
    {
      "sort-name": "女王",
      "name": "女王",
      "locale": null,
      "type": null,
      "primary": null,
      "begin-date": null,
      "end-date": null
    }
  ],
  "tags": [
    {
      "count": 2,
      "name": "hard rock"
    },
    {
      "count": 1,
      "name": "70s"
    },
    {
      "count": 1,
      "name": "queen family"
    },
    {
      "count": 1,
      "name": "90s"
    },
    {
      "count": 1,
      "name": "80s"
    },
    {
      "count": 1,
      "name": "glam rock"
    },
    {
      "count": 4,
      "name": "british"
    },
    {
      "count": 1,
      "name": "english"
    },
    {
      "count": 2,
      "name": "uk"
    },
    {
      "count": 1,
      "name": "pop/rock"
    },
    {
      "count": 1,
      "name": "pop-rock"
    },
    {
      "count": 1,
      "name": "britannique"
    },
    {
      "count": 1,
      "name": "classic pop and rock"
    },
    {
      "count": 1,
      "name": "queen"
    },
    {
      "count": 1,
      "name": "united kingdom"
    },
    {
      "count": 1,
      "name": "langham 1 studio bbc"
    },
    {
      "count": 1,
      "name": "kind of magic"
    },
    {
      "count": 1,
      "name": "band"
    },
    {
      "count": 1,
      "name": "platinum"
    },
    {
      "count": 5,
      "name": "rock"
    }
  ]
}
boby@bob:~$ 
boby@bob:~$ curl -s 'http://musicbrainz.org/ws/2/artist/?query=artist%3Aqueen&fmt=json' | jq '.artists[0].begin-area'
error: area is not defined
.artists[0].begin-area                  1 compile error
(23) Failed writing body
boby@bob:~$ curl -s 'http://musicbrainz.org/ws/2/artist/?query=artist%3Aqueen&fmt=json' | jq '.artists[0].begin-area'
error: area is not defined
.artists[0].begin-area                  1 compile error
(23) Failed writing body
boby@bob:~$ curl -s 'http://musicbrainz.org/ws/2/artist/?query=artist%3Aqueen&fmt=json' | jq '.artists[0].name'
"Queen"
boby@bob:~$ curl -s 'http://musicbrainz.org/ws/2/artist/?query=artist%3Aqueen&fmt=json' | jq '.artists[0]."begin-area"'
{
  "id": "f03d09b3-39dc-4083-afd6-159e3f0d462f",
  "name": "London",
  "sort-name": "London"
}
boby@bob:~$ curl -s 'http://musicbrainz.org/ws/2/artist/?query=artist%3Aqueen&fmt=json' | jq '.artists[0]."begin-area".name'
"London"
boby@bob:~$ curl -s 'http://musicbrainz.org/ws/2/artist/?query=artist%3Aqueen&fmt=json' | jq '.artists[0-2]."begin-area".name'
null
boby@bob:~$ curl -s 'http://musicbrainz.org/ws/2/artist/?query=artist%3Aqueen&fmt=json' | jq '.artists[0:2]."begin-area".name'
jq: error: Cannot index array with string
boby@bob:~$ curl -s 'http://musicbrainz.org/ws/2/artist/?query=artist%3Aqueen&fmt=json' | jq '.artists[0:2]'
[
  {
    "id": "0383dadf-2a4e-4d10-a46a-e9e041da8eb3",
    "type": "Group",
    "score": "100",
    "name": "Queen",
    "sort-name": "Queen",
    "country": "GB",
    "area": {
      "id": "8a754a16-0027-3a29-b6d7-2b40ea0481ed",
      "name": "United Kingdom",
      "sort-name": "United Kingdom"
    },
    "begin-area": {
      "id": "f03d09b3-39dc-4083-afd6-159e3f0d462f",
      "name": "London",
      "sort-name": "London"
    },
    "disambiguation": "UK rock group",
    "life-span": {
      "begin": "1970-06-27",
      "ended": null
    },
    "aliases": [
      {
        "sort-name": "Queen + Adam Lambert",
        "name": "Queen + Adam Lambert",
        "locale": null,
        "type": null,
        "primary": null,
        "begin-date": "2011",
        "end-date": null
      },
      {
        "sort-name": "Queen + Paul Rodgers",
        "name": "Queen + Paul Rodgers",
        "locale": null,
        "type": null,
        "primary": null,
        "begin-date": "2004",
        "end-date": "2009"
      },
      {
        "sort-name": "女王",
        "name": "女王",
        "locale": null,
        "type": null,
        "primary": null,
        "begin-date": null,
        "end-date": null
      }
    ],
    "tags": [
      {
        "count": 2,
        "name": "hard rock"
      },
      {
        "count": 1,
        "name": "70s"
      },
      {
        "count": 1,
        "name": "queen family"
      },
      {
        "count": 1,
        "name": "90s"
      },
      {
        "count": 1,
        "name": "80s"
      },
      {
        "count": 1,
        "name": "glam rock"
      },
      {
        "count": 4,
        "name": "british"
      },
      {
        "count": 1,
        "name": "english"
      },
      {
        "count": 2,
        "name": "uk"
      },
      {
        "count": 1,
        "name": "pop/rock"
      },
      {
        "count": 1,
        "name": "pop-rock"
      },
      {
        "count": 1,
        "name": "britannique"
      },
      {
        "count": 1,
        "name": "classic pop and rock"
      },
      {
        "count": 1,
        "name": "queen"
      },
      {
        "count": 1,
        "name": "united kingdom"
      },
      {
        "count": 1,
        "name": "langham 1 studio bbc"
      },
      {
        "count": 1,
        "name": "kind of magic"
      },
      {
        "count": 1,
        "name": "band"
      },
      {
        "count": 1,
        "name": "platinum"
      },
      {
        "count": 5,
        "name": "rock"
      }
    ]
  },
  {
    "id": "420ca290-76c5-41af-999e-564d7c71f1a7",
    "type": "Character",
    "score": "100",
    "name": "Queen",
    "sort-name": "Queen",
    "gender": "female",
    "country": "JP",
    "area": {
      "id": "2db42837-c832-3c27-b4a3-08198f75693c",
      "name": "Japan",
      "sort-name": "Japan"
    },
    "disambiguation": "板野友美",
    "life-span": {
      "ended": null
    },
    "aliases": [
      {
        "sort-name": "Queen",
        "name": "Queen",
        "locale": null,
        "type": null,
        "primary": null,
        "begin-date": null,
        "end-date": null
      }
    ],
    "tags": [
      {
        "count": 1,
        "name": "related-akb48"
      },
      {
        "count": 1,
        "name": "kamen rider w"
      }
    ]
  }
]
boby@bob:~$ curl -s 'http://musicbrainz.org/ws/2/artist/?query=artist%3Aqueen&fmt=json' | jq '.artists[0:2] | length'
2
boby@bob:~$ curl -s 'http://musicbrainz.org/ws/2/artist/?query=artist%3Aqueen&fmt=json' | jq '.artists[0:3] | length'
3
boby@bob:~$ curl -s 'http://musicbrainz.org/ws/2/artist/?query=artist%3Aqueen&fmt=json' | jq '.artists[0:3][0].name '
"Queen"
boby@bob:~$ curl -s 'http://musicbrainz.org/ws/2/artist/?query=artist%3Aqueen&fmt=json' | jq '.artists[0:3][].name '
"Queen"
"Queen"
"Queen"
boby@bob:~$ curl -s 'http://musicbrainz.org/ws/2/artist/?query=artist%3Aqueen&fmt=json' | jq '.artists[0:3][] | .name, "begin-area" '
"Queen"
"begin-area"
"Queen"
"begin-area"
"Queen"
"begin-area"
boby@bob:~$ curl -s 'http://musicbrainz.org/ws/2/artist/?query=artist%3Aqueen&fmt=json' | jq '.artists[0:3][] | .name, ."begin-area" '
"Queen"
{
  "id": "f03d09b3-39dc-4083-afd6-159e3f0d462f",
  "name": "London",
  "sort-name": "London"
}
"Queen"
null
"Queen"
null
boby@bob:~$ curl -s 'http://musicbrainz.org/ws/2/artist/?query=artist%3Aqueen&fmt=json' | jq '.artists[0:3][] | .name, ."begin-area" '
